Archive member included to satisfy reference by file (symbol)

c:/st/stm32cubeide_1.4.0/stm32cubeide/plugins/com.st.stm32cube.ide.mcu.externaltools.gnu-tools-for-stm32.7-2018-q2-update.win32_1.4.0.202007081208/tools/bin/../lib/gcc/arm-none-eabi/7.3.1/../../../../arm-none-eabi/lib/thumb/v7-m\libc_nano.a(lib_a-errno.o)
                              Src/syscalls.o (__errno)
c:/st/stm32cubeide_1.4.0/stm32cubeide/plugins/com.st.stm32cube.ide.mcu.externaltools.gnu-tools-for-stm32.7-2018-q2-update.win32_1.4.0.202007081208/tools/bin/../lib/gcc/arm-none-eabi/7.3.1/../../../../arm-none-eabi/lib/thumb/v7-m\libc_nano.a(lib_a-exit.o)
                              c:/st/stm32cubeide_1.4.0/stm32cubeide/plugins/com.st.stm32cube.ide.mcu.externaltools.gnu-tools-for-stm32.7-2018-q2-update.win32_1.4.0.202007081208/tools/bin/../lib/gcc/arm-none-eabi/7.3.1/../../../../arm-none-eabi/lib/thumb/v7-m/crt0.o (exit)
c:/st/stm32cubeide_1.4.0/stm32cubeide/plugins/com.st.stm32cube.ide.mcu.externaltools.gnu-tools-for-stm32.7-2018-q2-update.win32_1.4.0.202007081208/tools/bin/../lib/gcc/arm-none-eabi/7.3.1/../../../../arm-none-eabi/lib/thumb/v7-m\libc_nano.a(lib_a-impure.o)
                              c:/st/stm32cubeide_1.4.0/stm32cubeide/plugins/com.st.stm32cube.ide.mcu.externaltools.gnu-tools-for-stm32.7-2018-q2-update.win32_1.4.0.202007081208/tools/bin/../lib/gcc/arm-none-eabi/7.3.1/../../../../arm-none-eabi/lib/thumb/v7-m\libc_nano.a(lib_a-exit.o) (_global_impure_ptr)
c:/st/stm32cubeide_1.4.0/stm32cubeide/plugins/com.st.stm32cube.ide.mcu.externaltools.gnu-tools-for-stm32.7-2018-q2-update.win32_1.4.0.202007081208/tools/bin/../lib/gcc/arm-none-eabi/7.3.1/../../../../arm-none-eabi/lib/thumb/v7-m\libc_nano.a(lib_a-init.o)
                              c:/st/stm32cubeide_1.4.0/stm32cubeide/plugins/com.st.stm32cube.ide.mcu.externaltools.gnu-tools-for-stm32.7-2018-q2-update.win32_1.4.0.202007081208/tools/bin/../lib/gcc/arm-none-eabi/7.3.1/../../../../arm-none-eabi/lib/thumb/v7-m/crt0.o (__libc_init_array)
c:/st/stm32cubeide_1.4.0/stm32cubeide/plugins/com.st.stm32cube.ide.mcu.externaltools.gnu-tools-for-stm32.7-2018-q2-update.win32_1.4.0.202007081208/tools/bin/../lib/gcc/arm-none-eabi/7.3.1/../../../../arm-none-eabi/lib/thumb/v7-m\libc_nano.a(lib_a-memset.o)
                              c:/st/stm32cubeide_1.4.0/stm32cubeide/plugins/com.st.stm32cube.ide.mcu.externaltools.gnu-tools-for-stm32.7-2018-q2-update.win32_1.4.0.202007081208/tools/bin/../lib/gcc/arm-none-eabi/7.3.1/../../../../arm-none-eabi/lib/thumb/v7-m/crt0.o (memset)

Allocating common symbols
Common symbol       size              file

IRQ_Flag            0x1               Src/main.o
PinCnfg             0x4               HAL/Keypad.o
GP_IRQ_CallBack     0x3c              STM32_F103C6_Drivers/STM32_F103C6_EXTI_Driver.o

Discarded input sections

 .text          0x0000000000000000        0x0 c:/st/stm32cubeide_1.4.0/stm32cubeide/plugins/com.st.stm32cube.ide.mcu.externaltools.gnu-tools-for-stm32.7-2018-q2-update.win32_1.4.0.202007081208/tools/bin/../lib/gcc/arm-none-eabi/7.3.1/thumb/v7-m/crti.o
 .data          0x0000000000000000        0x0 c:/st/stm32cubeide_1.4.0/stm32cubeide/plugins/com.st.stm32cube.ide.mcu.externaltools.gnu-tools-for-stm32.7-2018-q2-update.win32_1.4.0.202007081208/tools/bin/../lib/gcc/arm-none-eabi/7.3.1/thumb/v7-m/crti.o
 .bss           0x0000000000000000        0x0 c:/st/stm32cubeide_1.4.0/stm32cubeide/plugins/com.st.stm32cube.ide.mcu.externaltools.gnu-tools-for-stm32.7-2018-q2-update.win32_1.4.0.202007081208/tools/bin/../lib/gcc/arm-none-eabi/7.3.1/thumb/v7-m/crti.o
 .data          0x0000000000000000        0x4 c:/st/stm32cubeide_1.4.0/stm32cubeide/plugins/com.st.stm32cube.ide.mcu.externaltools.gnu-tools-for-stm32.7-2018-q2-update.win32_1.4.0.202007081208/tools/bin/../lib/gcc/arm-none-eabi/7.3.1/thumb/v7-m/crtbegin.o
 .text          0x0000000000000000       0x74 c:/st/stm32cubeide_1.4.0/stm32cubeide/plugins/com.st.stm32cube.ide.mcu.externaltools.gnu-tools-for-stm32.7-2018-q2-update.win32_1.4.0.202007081208/tools/bin/../lib/gcc/arm-none-eabi/7.3.1/../../../../arm-none-eabi/lib/thumb/v7-m/crt0.o
 .data          0x0000000000000000        0x0 c:/st/stm32cubeide_1.4.0/stm32cubeide/plugins/com.st.stm32cube.ide.mcu.externaltools.gnu-tools-for-stm32.7-2018-q2-update.win32_1.4.0.202007081208/tools/bin/../lib/gcc/arm-none-eabi/7.3.1/../../../../arm-none-eabi/lib/thumb/v7-m/crt0.o
 .bss           0x0000000000000000        0x0 c:/st/stm32cubeide_1.4.0/stm32cubeide/plugins/com.st.stm32cube.ide.mcu.externaltools.gnu-tools-for-stm32.7-2018-q2-update.win32_1.4.0.202007081208/tools/bin/../lib/gcc/arm-none-eabi/7.3.1/../../../../arm-none-eabi/lib/thumb/v7-m/crt0.o
 .ARM.extab     0x0000000000000000        0x0 c:/st/stm32cubeide_1.4.0/stm32cubeide/plugins/com.st.stm32cube.ide.mcu.externaltools.gnu-tools-for-stm32.7-2018-q2-update.win32_1.4.0.202007081208/tools/bin/../lib/gcc/arm-none-eabi/7.3.1/../../../../arm-none-eabi/lib/thumb/v7-m/crt0.o
 .ARM.exidx     0x0000000000000000        0x8 c:/st/stm32cubeide_1.4.0/stm32cubeide/plugins/com.st.stm32cube.ide.mcu.externaltools.gnu-tools-for-stm32.7-2018-q2-update.win32_1.4.0.202007081208/tools/bin/../lib/gcc/arm-none-eabi/7.3.1/../../../../arm-none-eabi/lib/thumb/v7-m/crt0.o
 .ARM.attributes
                0x0000000000000000       0x1b c:/st/stm32cubeide_1.4.0/stm32cubeide/plugins/com.st.stm32cube.ide.mcu.externaltools.gnu-tools-for-stm32.7-2018-q2-update.win32_1.4.0.202007081208/tools/bin/../lib/gcc/arm-none-eabi/7.3.1/../../../../arm-none-eabi/lib/thumb/v7-m/crt0.o
 .group         0x0000000000000000        0xc HAL/Keypad.o
 .group         0x0000000000000000        0xc HAL/Keypad.o
 .group         0x0000000000000000        0xc HAL/Keypad.o
 .group         0x0000000000000000        0xc HAL/Keypad.o
 .group         0x0000000000000000        0xc HAL/Keypad.o
 .group         0x0000000000000000        0xc HAL/Keypad.o
 .group         0x0000000000000000        0xc HAL/Keypad.o
 .group         0x0000000000000000        0xc HAL/Keypad.o
 .group         0x0000000000000000        0xc HAL/Keypad.o
 .group         0x0000000000000000        0xc HAL/Keypad.o
 .group         0x0000000000000000        0xc HAL/Keypad.o
 .group         0x0000000000000000        0xc HAL/Keypad.o
 .group         0x0000000000000000        0xc HAL/Keypad.o
 .group         0x0000000000000000        0xc HAL/Keypad.o
 .group         0x0000000000000000        0xc HAL/Keypad.o
 .group         0x0000000000000000        0xc HAL/Keypad.o
 .group         0x0000000000000000        0xc HAL/Keypad.o
 .group         0x0000000000000000        0xc HAL/Keypad.o
 .group         0x0000000000000000        0xc HAL/Keypad.o
 .group         0x0000000000000000        0xc HAL/Keypad.o
 .group         0x0000000000000000        0xc HAL/Keypad.o
 .group         0x0000000000000000        0xc HAL/Keypad.o
 .group         0x0000000000000000        0xc HAL/Keypad.o
 .group         0x0000000000000000        0xc HAL/Keypad.o
 .group         0x0000000000000000        0xc HAL/Keypad.o
 .text          0x0000000000000000        0x0 HAL/Keypad.o
 .data          0x0000000000000000        0x0 HAL/Keypad.o
 .bss           0x0000000000000000        0x0 HAL/Keypad.o
 .data.Keypad_R
                0x0000000000000000       0x10 HAL/Keypad.o
 .data.Keypad_C
                0x0000000000000000       0x10 HAL/Keypad.o
 .text.KEYPAD_GET_CHAR
                0x0000000000000000      0x194 HAL/Keypad.o
 .group         0x0000000000000000        0xc HAL/LCD.o
 .group         0x0000000000000000        0xc HAL/LCD.o
 .group         0x0000000000000000        0xc HAL/LCD.o
 .group         0x0000000000000000        0xc HAL/LCD.o
 .group         0x0000000000000000        0xc HAL/LCD.o
 .group         0x0000000000000000        0xc HAL/LCD.o
 .group         0x0000000000000000        0xc HAL/LCD.o
 .group         0x0000000000000000        0xc HAL/LCD.o
 .group         0x0000000000000000        0xc HAL/LCD.o
 .group         0x0000000000000000        0xc HAL/LCD.o
 .group         0x0000000000000000        0xc HAL/LCD.o
 .group         0x0000000000000000        0xc HAL/LCD.o
 .group         0x0000000000000000        0xc HAL/LCD.o
 .group         0x0000000000000000        0xc HAL/LCD.o
 .group         0x0000000000000000        0xc HAL/LCD.o
 .group         0x0000000000000000        0xc HAL/LCD.o
 .group         0x0000000000000000        0xc HAL/LCD.o
 .group         0x0000000000000000        0xc HAL/LCD.o
 .group         0x0000000000000000        0xc HAL/LCD.o
 .group         0x0000000000000000        0xc HAL/LCD.o
 .group         0x0000000000000000        0xc HAL/LCD.o
 .group         0x0000000000000000        0xc HAL/LCD.o
 .group         0x0000000000000000        0xc HAL/LCD.o
 .group         0x0000000000000000        0xc HAL/LCD.o
 .group         0x0000000000000000        0xc HAL/LCD.o
 .text          0x0000000000000000        0x0 HAL/LCD.o
 .data          0x0000000000000000        0x0 HAL/LCD.o
 .bss           0x0000000000000000        0x0 HAL/LCD.o
 .text.LCD_Config_Data_4Bit_MODE_INPUT_FLO
                0x0000000000000000       0x60 HAL/LCD.o
 .text.LCD_Config_Data_4Bit_MODE_OUTPUT_PP
                0x0000000000000000       0x78 HAL/LCD.o
 .text.LCD_CUSTOM_CHAR
                0x0000000000000000       0x50 HAL/LCD.o
 .debug_macro   0x0000000000000000      0xa60 HAL/LCD.o
 .debug_macro   0x0000000000000000       0x18 HAL/LCD.o
 .debug_macro   0x0000000000000000       0x22 HAL/LCD.o
 .debug_macro   0x0000000000000000       0x40 HAL/LCD.o
 .debug_macro   0x0000000000000000       0x94 HAL/LCD.o
 .debug_macro   0x0000000000000000       0x3c HAL/LCD.o
 .debug_macro   0x0000000000000000       0x34 HAL/LCD.o
 .debug_macro   0x0000000000000000       0x16 HAL/LCD.o
 .debug_macro   0x0000000000000000      0x10e HAL/LCD.o
 .debug_macro   0x0000000000000000       0x8d HAL/LCD.o
 .debug_macro   0x0000000000000000       0x57 HAL/LCD.o
 .debug_macro   0x0000000000000000       0x52 HAL/LCD.o
 .debug_macro   0x0000000000000000       0x1f HAL/LCD.o
 .debug_macro   0x0000000000000000       0x43 HAL/LCD.o
 .debug_macro   0x0000000000000000       0x20 HAL/LCD.o
 .debug_macro   0x0000000000000000      0x1a3 HAL/LCD.o
 .debug_macro   0x0000000000000000      0x330 HAL/LCD.o
 .debug_macro   0x0000000000000000       0x16 HAL/LCD.o
 .debug_macro   0x0000000000000000       0x29 HAL/LCD.o
 .debug_macro   0x0000000000000000       0xef HAL/LCD.o
 .debug_macro   0x0000000000000000       0x6a HAL/LCD.o
 .debug_macro   0x0000000000000000      0x1df HAL/LCD.o
 .debug_macro   0x0000000000000000      0x1b0 HAL/LCD.o
 .debug_macro   0x0000000000000000       0xd0 HAL/LCD.o
 .group         0x0000000000000000        0xc STM32_F103C6_Drivers/GPIO/STM32_F103C6_GPIO_Driver.o
 .group         0x0000000000000000        0xc STM32_F103C6_Drivers/GPIO/STM32_F103C6_GPIO_Driver.o
 .group         0x0000000000000000        0xc STM32_F103C6_Drivers/GPIO/STM32_F103C6_GPIO_Driver.o
 .group         0x0000000000000000        0xc STM32_F103C6_Drivers/GPIO/STM32_F103C6_GPIO_Driver.o
 .group         0x0000000000000000        0xc STM32_F103C6_Drivers/GPIO/STM32_F103C6_GPIO_Driver.o
 .group         0x0000000000000000        0xc STM32_F103C6_Drivers/GPIO/STM32_F103C6_GPIO_Driver.o
 .group         0x0000000000000000        0xc STM32_F103C6_Drivers/GPIO/STM32_F103C6_GPIO_Driver.o
 .group         0x0000000000000000        0xc STM32_F103C6_Drivers/GPIO/STM32_F103C6_GPIO_Driver.o
 .group         0x0000000000000000        0xc STM32_F103C6_Drivers/GPIO/STM32_F103C6_GPIO_Driver.o
 .group         0x0000000000000000        0xc STM32_F103C6_Drivers/GPIO/STM32_F103C6_GPIO_Driver.o
 .group         0x0000000000000000        0xc STM32_F103C6_Drivers/GPIO/STM32_F103C6_GPIO_Driver.o
 .group         0x0000000000000000        0xc STM32_F103C6_Drivers/GPIO/STM32_F103C6_GPIO_Driver.o
 .group         0x0000000000000000        0xc STM32_F103C6_Drivers/GPIO/STM32_F103C6_GPIO_Driver.o
 .group         0x0000000000000000        0xc STM32_F103C6_Drivers/GPIO/STM32_F103C6_GPIO_Driver.o
 .group         0x0000000000000000        0xc STM32_F103C6_Drivers/GPIO/STM32_F103C6_GPIO_Driver.o
 .group         0x0000000000000000        0xc STM32_F103C6_Drivers/GPIO/STM32_F103C6_GPIO_Driver.o
 .group         0x0000000000000000        0xc STM32_F103C6_Drivers/GPIO/STM32_F103C6_GPIO_Driver.o
 .group         0x0000000000000000        0xc STM32_F103C6_Drivers/GPIO/STM32_F103C6_GPIO_Driver.o
 .group         0x0000000000000000        0xc STM32_F103C6_Drivers/GPIO/STM32_F103C6_GPIO_Driver.o
 .group         0x0000000000000000        0xc STM32_F103C6_Drivers/GPIO/STM32_F103C6_GPIO_Driver.o
 .group         0x0000000000000000        0xc STM32_F103C6_Drivers/GPIO/STM32_F103C6_GPIO_Driver.o
 .group         0x0000000000000000        0xc STM32_F103C6_Drivers/GPIO/STM32_F103C6_GPIO_Driver.o
 .group         0x0000000000000000        0xc STM32_F103C6_Drivers/GPIO/STM32_F103C6_GPIO_Driver.o
 .group         0x0000000000000000        0xc STM32_F103C6_Drivers/GPIO/STM32_F103C6_GPIO_Driver.o
 .text          0x0000000000000000        0x0 STM32_F103C6_Drivers/GPIO/STM32_F103C6_GPIO_Driver.o
 .data          0x0000000000000000        0x0 STM32_F103C6_Drivers/GPIO/STM32_F103C6_GPIO_Driver.o
 .bss           0x0000000000000000        0x0 STM32_F103C6_Drivers/GPIO/STM32_F103C6_GPIO_Driver.o
 .text.MCAL_GPIO_DeInit
                0x0000000000000000       0xd4 STM32_F103C6_Drivers/GPIO/STM32_F103C6_GPIO_Driver.o
 .text.MCAL_GPIO_ReadPin
                0x0000000000000000       0x2e STM32_F103C6_Drivers/GPIO/STM32_F103C6_GPIO_Driver.o
 .text.MCAL_GPIO_ReadPort
                0x0000000000000000       0x1a STM32_F103C6_Drivers/GPIO/STM32_F103C6_GPIO_Driver.o
 .text.MCAL_GPIO_TogglePin
                0x0000000000000000       0x22 STM32_F103C6_Drivers/GPIO/STM32_F103C6_GPIO_Driver.o
 .text.MCAL_GPIO_LockPin
                0x0000000000000000       0x4e STM32_F103C6_Drivers/GPIO/STM32_F103C6_GPIO_Driver.o
 .debug_macro   0x0000000000000000      0xa60 STM32_F103C6_Drivers/GPIO/STM32_F103C6_GPIO_Driver.o
 .debug_macro   0x0000000000000000       0x18 STM32_F103C6_Drivers/GPIO/STM32_F103C6_GPIO_Driver.o
 .debug_macro   0x0000000000000000       0x22 STM32_F103C6_Drivers/GPIO/STM32_F103C6_GPIO_Driver.o
 .debug_macro   0x0000000000000000       0x40 STM32_F103C6_Drivers/GPIO/STM32_F103C6_GPIO_Driver.o
 .debug_macro   0x0000000000000000       0x94 STM32_F103C6_Drivers/GPIO/STM32_F103C6_GPIO_Driver.o
 .debug_macro   0x0000000000000000       0x3c STM32_F103C6_Drivers/GPIO/STM32_F103C6_GPIO_Driver.o
 .debug_macro   0x0000000000000000       0x34 STM32_F103C6_Drivers/GPIO/STM32_F103C6_GPIO_Driver.o
 .debug_macro   0x0000000000000000       0x16 STM32_F103C6_Drivers/GPIO/STM32_F103C6_GPIO_Driver.o
 .debug_macro   0x0000000000000000      0x10e STM32_F103C6_Drivers/GPIO/STM32_F103C6_GPIO_Driver.o
 .debug_macro   0x0000000000000000       0x8d STM32_F103C6_Drivers/GPIO/STM32_F103C6_GPIO_Driver.o
 .debug_macro   0x0000000000000000       0x57 STM32_F103C6_Drivers/GPIO/STM32_F103C6_GPIO_Driver.o
 .debug_macro   0x0000000000000000       0x52 STM32_F103C6_Drivers/GPIO/STM32_F103C6_GPIO_Driver.o
 .debug_macro   0x0000000000000000       0x1f STM32_F103C6_Drivers/GPIO/STM32_F103C6_GPIO_Driver.o
 .debug_macro   0x0000000000000000       0x43 STM32_F103C6_Drivers/GPIO/STM32_F103C6_GPIO_Driver.o
 .debug_macro   0x0000000000000000       0x20 STM32_F103C6_Drivers/GPIO/STM32_F103C6_GPIO_Driver.o
 .debug_macro   0x0000000000000000      0x1a3 STM32_F103C6_Drivers/GPIO/STM32_F103C6_GPIO_Driver.o
 .debug_macro   0x0000000000000000      0x330 STM32_F103C6_Drivers/GPIO/STM32_F103C6_GPIO_Driver.o
 .debug_macro   0x0000000000000000       0x16 STM32_F103C6_Drivers/GPIO/STM32_F103C6_GPIO_Driver.o
 .debug_macro   0x0000000000000000       0x29 STM32_F103C6_Drivers/GPIO/STM32_F103C6_GPIO_Driver.o
 .debug_macro   0x0000000000000000       0xef STM32_F103C6_Drivers/GPIO/STM32_F103C6_GPIO_Driver.o
 .debug_macro   0x0000000000000000       0x6a STM32_F103C6_Drivers/GPIO/STM32_F103C6_GPIO_Driver.o
 .debug_macro   0x0000000000000000      0x1df STM32_F103C6_Drivers/GPIO/STM32_F103C6_GPIO_Driver.o
 .debug_macro   0x0000000000000000      0x1b0 STM32_F103C6_Drivers/GPIO/STM32_F103C6_GPIO_Driver.o
 .debug_macro   0x0000000000000000       0xd0 STM32_F103C6_Drivers/GPIO/STM32_F103C6_GPIO_Driver.o
 .group         0x0000000000000000        0xc STM32_F103C6_Drivers/STM32_F103C6_EXTI_Driver.o
 .group         0x0000000000000000        0xc STM32_F103C6_Drivers/STM32_F103C6_EXTI_Driver.o
 .group         0x0000000000000000        0xc STM32_F103C6_Drivers/STM32_F103C6_EXTI_Driver.o
 .group         0x0000000000000000        0xc STM32_F103C6_Drivers/STM32_F103C6_EXTI_Driver.o
 .group         0x0000000000000000        0xc STM32_F103C6_Drivers/STM32_F103C6_EXTI_Driver.o
 .group         0x0000000000000000        0xc STM32_F103C6_Drivers/STM32_F103C6_EXTI_Driver.o
 .group         0x0000000000000000        0xc STM32_F103C6_Drivers/STM32_F103C6_EXTI_Driver.o
 .group         0x0000000000000000        0xc STM32_F103C6_Drivers/STM32_F103C6_EXTI_Driver.o
 .group         0x0000000000000000        0xc STM32_F103C6_Drivers/STM32_F103C6_EXTI_Driver.o
 .group         0x0000000000000000        0xc STM32_F103C6_Drivers/STM32_F103C6_EXTI_Driver.o
 .group         0x0000000000000000        0xc STM32_F103C6_Drivers/STM32_F103C6_EXTI_Driver.o
 .group         0x0000000000000000        0xc STM32_F103C6_Drivers/STM32_F103C6_EXTI_Driver.o
 .group         0x0000000000000000        0xc STM32_F103C6_Drivers/STM32_F103C6_EXTI_Driver.o
 .group         0x0000000000000000        0xc STM32_F103C6_Drivers/STM32_F103C6_EXTI_Driver.o
 .group         0x0000000000000000        0xc STM32_F103C6_Drivers/STM32_F103C6_EXTI_Driver.o
 .group         0x0000000000000000        0xc STM32_F103C6_Drivers/STM32_F103C6_EXTI_Driver.o
 .group         0x0000000000000000        0xc STM32_F103C6_Drivers/STM32_F103C6_EXTI_Driver.o
 .group         0x0000000000000000        0xc STM32_F103C6_Drivers/STM32_F103C6_EXTI_Driver.o
 .group         0x0000000000000000        0xc STM32_F103C6_Drivers/STM32_F103C6_EXTI_Driver.o
 .group         0x0000000000000000        0xc STM32_F103C6_Drivers/STM32_F103C6_EXTI_Driver.o
 .group         0x0000000000000000        0xc STM32_F103C6_Drivers/STM32_F103C6_EXTI_Driver.o
 .group         0x0000000000000000        0xc STM32_F103C6_Drivers/STM32_F103C6_EXTI_Driver.o
 .group         0x0000000000000000        0xc STM32_F103C6_Drivers/STM32_F103C6_EXTI_Driver.o
 .group         0x0000000000000000        0xc STM32_F103C6_Drivers/STM32_F103C6_EXTI_Driver.o
 .group         0x0000000000000000        0xc STM32_F103C6_Drivers/STM32_F103C6_EXTI_Driver.o
 .text          0x0000000000000000        0x0 STM32_F103C6_Drivers/STM32_F103C6_EXTI_Driver.o
 .data          0x0000000000000000        0x0 STM32_F103C6_Drivers/STM32_F103C6_EXTI_Driver.o
 .bss           0x0000000000000000        0x0 STM32_F103C6_Drivers/STM32_F103C6_EXTI_Driver.o
 .text.MCAL_EXTI_GPIO_DeInit
                0x0000000000000000       0x94 STM32_F103C6_Drivers/STM32_F103C6_EXTI_Driver.o
 .text.MCAL_EXTI_GPIO_Update
                0x0000000000000000       0x16 STM32_F103C6_Drivers/STM32_F103C6_EXTI_Driver.o
 .debug_macro   0x0000000000000000      0xa60 STM32_F103C6_Drivers/STM32_F103C6_EXTI_Driver.o
 .debug_macro   0x0000000000000000       0x18 STM32_F103C6_Drivers/STM32_F103C6_EXTI_Driver.o
 .debug_macro   0x0000000000000000       0x22 STM32_F103C6_Drivers/STM32_F103C6_EXTI_Driver.o
 .debug_macro   0x0000000000000000       0x40 STM32_F103C6_Drivers/STM32_F103C6_EXTI_Driver.o
 .debug_macro   0x0000000000000000       0x94 STM32_F103C6_Drivers/STM32_F103C6_EXTI_Driver.o
 .debug_macro   0x0000000000000000       0x3c STM32_F103C6_Drivers/STM32_F103C6_EXTI_Driver.o
 .debug_macro   0x0000000000000000       0x34 STM32_F103C6_Drivers/STM32_F103C6_EXTI_Driver.o
 .debug_macro   0x0000000000000000       0x16 STM32_F103C6_Drivers/STM32_F103C6_EXTI_Driver.o
 .debug_macro   0x0000000000000000      0x10e STM32_F103C6_Drivers/STM32_F103C6_EXTI_Driver.o
 .debug_macro   0x0000000000000000       0x8d STM32_F103C6_Drivers/STM32_F103C6_EXTI_Driver.o
 .debug_macro   0x0000000000000000       0x57 STM32_F103C6_Drivers/STM32_F103C6_EXTI_Driver.o
 .debug_macro   0x0000000000000000       0x52 STM32_F103C6_Drivers/STM32_F103C6_EXTI_Driver.o
 .debug_macro   0x0000000000000000       0x1f STM32_F103C6_Drivers/STM32_F103C6_EXTI_Driver.o
 .debug_macro   0x0000000000000000       0x43 STM32_F103C6_Drivers/STM32_F103C6_EXTI_Driver.o
 .debug_macro   0x0000000000000000       0x20 STM32_F103C6_Drivers/STM32_F103C6_EXTI_Driver.o
 .debug_macro   0x0000000000000000      0x1a3 STM32_F103C6_Drivers/STM32_F103C6_EXTI_Driver.o
 .debug_macro   0x0000000000000000      0x330 STM32_F103C6_Drivers/STM32_F103C6_EXTI_Driver.o
 .debug_macro   0x0000000000000000       0x16 STM32_F103C6_Drivers/STM32_F103C6_EXTI_Driver.o
 .debug_macro   0x0000000000000000       0x29 STM32_F103C6_Drivers/STM32_F103C6_EXTI_Driver.o
 .debug_macro   0x0000000000000000       0xef STM32_F103C6_Drivers/STM32_F103C6_EXTI_Driver.o
 .debug_macro   0x0000000000000000       0x6a STM32_F103C6_Drivers/STM32_F103C6_EXTI_Driver.o
 .debug_macro   0x0000000000000000      0x1df STM32_F103C6_Drivers/STM32_F103C6_EXTI_Driver.o
 .debug_macro   0x0000000000000000      0x1b0 STM32_F103C6_Drivers/STM32_F103C6_EXTI_Driver.o
 .group         0x0000000000000000        0xc Src/main.o
 .group         0x0000000000000000        0xc Src/main.o
 .group         0x0000000000000000        0xc Src/main.o
 .group         0x0000000000000000        0xc Src/main.o
 .group         0x0000000000000000        0xc Src/main.o
 .group         0x0000000000000000        0xc Src/main.o
 .group         0x0000000000000000        0xc Src/main.o
 .group         0x0000000000000000        0xc Src/main.o
 .group         0x0000000000000000        0xc Src/main.o
 .group         0x0000000000000000        0xc Src/main.o
 .group         0x0000000000000000        0xc Src/main.o
 .group         0x0000000000000000        0xc Src/main.o
 .group         0x0000000000000000        0xc Src/main.o
 .group         0x0000000000000000        0xc Src/main.o
 .group         0x0000000000000000        0xc Src/main.o
 .group         0x0000000000000000        0xc Src/main.o
 .group         0x0000000000000000        0xc Src/main.o
 .group         0x0000000000000000        0xc Src/main.o
 .group         0x0000000000000000        0xc Src/main.o
 .group         0x0000000000000000        0xc Src/main.o
 .group         0x0000000000000000        0xc Src/main.o
 .group         0x0000000000000000        0xc Src/main.o
 .group         0x0000000000000000        0xc Src/main.o
 .group         0x0000000000000000        0xc Src/main.o
 .group         0x0000000000000000        0xc Src/main.o
 .group         0x0000000000000000        0xc Src/main.o
 .group         0x0000000000000000        0xc Src/main.o
 .group         0x0000000000000000        0xc Src/main.o
 .group         0x0000000000000000        0xc Src/main.o
 .group         0x0000000000000000        0xc Src/main.o
 .group         0x0000000000000000        0xc Src/main.o
 .group         0x0000000000000000        0xc Src/main.o
 .group         0x0000000000000000        0xc Src/main.o
 .group         0x0000000000000000        0xc Src/main.o
 .group         0x0000000000000000        0xc Src/main.o
 .group         0x0000000000000000        0xc Src/main.o
 .group         0x0000000000000000        0xc Src/main.o
 .group         0x0000000000000000        0xc Src/main.o
 .group         0x0000000000000000        0xc Src/main.o
 .group         0x0000000000000000        0xc Src/main.o
 .group         0x0000000000000000        0xc Src/main.o
 .text          0x0000000000000000        0x0 Src/main.o
 .data          0x0000000000000000        0x0 Src/main.o
 .bss           0x0000000000000000        0x0 Src/main.o
 .debug_macro   0x0000000000000000      0xa60 Src/main.o
 .debug_macro   0x0000000000000000       0x22 Src/main.o
 .debug_macro   0x0000000000000000       0xef Src/main.o
 .debug_macro   0x0000000000000000       0x6a Src/main.o
 .debug_macro   0x0000000000000000      0x1df Src/main.o
 .debug_macro   0x0000000000000000       0x18 Src/main.o
 .debug_macro   0x0000000000000000       0x3c Src/main.o
 .debug_macro   0x0000000000000000       0x34 Src/main.o
 .debug_macro   0x0000000000000000       0x16 Src/main.o
 .debug_macro   0x0000000000000000      0x10e Src/main.o
 .debug_macro   0x0000000000000000       0x8d Src/main.o
 .debug_macro   0x0000000000000000       0x52 Src/main.o
 .debug_macro   0x0000000000000000       0x1f Src/main.o
 .debug_macro   0x0000000000000000       0x43 Src/main.o
 .debug_macro   0x0000000000000000       0x20 Src/main.o
 .debug_macro   0x0000000000000000      0x1a3 Src/main.o
 .debug_macro   0x0000000000000000      0x330 Src/main.o
 .debug_macro   0x0000000000000000       0x16 Src/main.o
 .debug_macro   0x0000000000000000       0x29 Src/main.o
 .debug_macro   0x0000000000000000       0xd0 Src/main.o
 .debug_macro   0x0000000000000000      0x227 Src/main.o
 .group         0x0000000000000000        0xc Src/syscalls.o
 .group         0x0000000000000000        0xc Src/syscalls.o
 .group         0x0000000000000000        0xc Src/syscalls.o
 .group         0x0000000000000000        0xc Src/syscalls.o
 .group         0x0000000000000000        0xc Src/syscalls.o
 .group         0x0000000000000000        0xc Src/syscalls.o
 .group         0x0000000000000000        0xc Src/syscalls.o
 .group         0x0000000000000000        0xc Src/syscalls.o
 .group         0x0000000000000000        0xc Src/syscalls.o
 .group         0x0000000000000000        0xc Src/syscalls.o
 .group         0x0000000000000000        0xc Src/syscalls.o
 .group         0x0000000000000000        0xc Src/syscalls.o
 .group         0x0000000000000000        0xc Src/syscalls.o
 .group         0x0000000000000000        0xc Src/syscalls.o
 .group         0x0000000000000000        0xc Src/syscalls.o
 .group         0x0000000000000000        0xc Src/syscalls.o
 .group         0x0000000000000000        0xc Src/syscalls.o
 .group         0x0000000000000000        0xc Src/syscalls.o
 .group         0x0000000000000000        0xc Src/syscalls.o
 .group         0x0000000000000000        0xc Src/syscalls.o
 .group         0x0000000000000000        0xc Src/syscalls.o
 .group         0x0000000000000000        0xc Src/syscalls.o
 .group         0x0000000000000000        0xc Src/syscalls.o
 .group         0x0000000000000000        0xc Src/syscalls.o
 .group         0x0000000000000000        0xc Src/syscalls.o
 .group         0x0000000000000000        0xc Src/syscalls.o
 .group         0x0000000000000000        0xc Src/syscalls.o
 .group         0x0000000000000000        0xc Src/syscalls.o
 .group         0x0000000000000000        0xc Src/syscalls.o
 .group         0x0000000000000000        0xc Src/syscalls.o
 .group         0x0000000000000000        0xc Src/syscalls.o
 .group         0x0000000000000000        0xc Src/syscalls.o
 .group         0x0000000000000000        0xc Src/syscalls.o
 .group         0x0000000000000000        0xc Src/syscalls.o
 .group         0x0000000000000000        0xc Src/syscalls.o
 .group         0x0000000000000000        0xc Src/syscalls.o
 .group         0x0000000000000000        0xc Src/syscalls.o
 .group         0x0000000000000000        0xc Src/syscalls.o
 .group         0x0000000000000000        0xc Src/syscalls.o
 .group         0x0000000000000000        0xc Src/syscalls.o
 .group         0x0000000000000000        0xc Src/syscalls.o
 .group         0x0000000000000000        0xc Src/syscalls.o
 .group         0x0000000000000000        0xc Src/syscalls.o
 .group         0x0000000000000000        0xc Src/syscalls.o
 .text          0x0000000000000000        0x0 Src/syscalls.o
 .data          0x0000000000000000        0x0 Src/syscalls.o
 .bss           0x0000000000000000        0x0 Src/syscalls.o
 .bss.__env     0x0000000000000000        0x4 Src/syscalls.o
 .data.environ  0x0000000000000000        0x4 Src/syscalls.o
 .text.initialise_monitor_handles
                0x0000000000000000        0xc Src/syscalls.o
 .text._getpid  0x0000000000000000        0xe Src/syscalls.o
 .text._kill    0x0000000000000000       0x20 Src/syscalls.o
 .text._exit    0x0000000000000000       0x14 Src/syscalls.o
 .text._read    0x0000000000000000       0x3a Src/syscalls.o
 .text._write   0x0000000000000000       0x38 Src/syscalls.o
 .text._close   0x0000000000000000       0x16 Src/syscalls.o
 .text._fstat   0x0000000000000000       0x1e Src/syscalls.o
 .text._isatty  0x0000000000000000       0x14 Src/syscalls.o
 .text._lseek   0x0000000000000000       0x18 Src/syscalls.o
 .text._open    0x0000000000000000       0x1a Src/syscalls.o
 .text._wait    0x0000000000000000       0x1e Src/syscalls.o
 .text._unlink  0x0000000000000000       0x1e Src/syscalls.o
 .text._times   0x0000000000000000       0x16 Src/syscalls.o
 .text._stat    0x0000000000000000       0x1e Src/syscalls.o
 .text._link    0x0000000000000000       0x20 Src/syscalls.o
 .text._fork    0x0000000000000000       0x16 Src/syscalls.o
 .text._execve  0x0000000000000000       0x22 Src/syscalls.o
 .debug_info    0x0000000000000000     0x1038 Src/syscalls.o
 .debug_abbrev  0x0000000000000000      0x254 Src/syscalls.o
 .debug_loc     0x0000000000000000      0x5b8 Src/syscalls.o
 .debug_aranges
                0x0000000000000000       0xa8 Src/syscalls.o
 .debug_ranges  0x0000000000000000       0x98 Src/syscalls.o
 .debug_macro   0x0000000000000000      0x243 Src/syscalls.o
 .debug_macro   0x0000000000000000      0xa60 Src/syscalls.o
 .debug_macro   0x0000000000000000       0x22 Src/syscalls.o
 .debug_macro   0x0000000000000000       0x40 Src/syscalls.o
 .debug_macro   0x0000000000000000       0x18 Src/syscalls.o
 .debug_macro   0x0000000000000000       0x94 Src/syscalls.o
 .debug_macro   0x0000000000000000       0x3c Src/syscalls.o
 .debug_macro   0x0000000000000000       0x34 Src/syscalls.o
 .debug_macro   0x0000000000000000       0x57 Src/syscalls.o
 .debug_macro   0x0000000000000000      0x174 Src/syscalls.o
 .debug_macro   0x0000000000000000      0x330 Src/syscalls.o
 .debug_macro   0x0000000000000000       0x52 Src/syscalls.o
 .debug_macro   0x0000000000000000       0x1f Src/syscalls.o
 .debug_macro   0x0000000000000000       0x43 Src/syscalls.o
 .debug_macro   0x0000000000000000       0x20 Src/syscalls.o
 .debug_macro   0x0000000000000000      0x1a3 Src/syscalls.o
 .debug_macro   0x0000000000000000       0x10 Src/syscalls.o
 .debug_macro   0x0000000000000000       0x35 Src/syscalls.o
 .debug_macro   0x0000000000000000       0x10 Src/syscalls.o
 .debug_macro   0x0000000000000000       0x10 Src/syscalls.o
 .debug_macro   0x0000000000000000       0x10 Src/syscalls.o
 .debug_macro   0x0000000000000000       0x6a Src/syscalls.o
 .debug_macro   0x0000000000000000       0x1c Src/syscalls.o
 .debug_macro   0x0000000000000000       0x52 Src/syscalls.o
 .debug_macro   0x0000000000000000       0x40 Src/syscalls.o
 .debug_macro   0x0000000000000000       0x10 Src/syscalls.o
 .debug_macro   0x0000000000000000       0x40 Src/syscalls.o
 .debug_macro   0x0000000000000000       0xd7 Src/syscalls.o
 .debug_macro   0x0000000000000000       0x1c Src/syscalls.o
 .debug_macro   0x0000000000000000       0x3d Src/syscalls.o
 .debug_macro   0x0000000000000000       0x35 Src/syscalls.o
 .debug_macro   0x0000000000000000      0x122 Src/syscalls.o
 .debug_macro   0x0000000000000000       0x16 Src/syscalls.o
 .debug_macro   0x0000000000000000       0x16 Src/syscalls.o
 .debug_macro   0x0000000000000000       0x29 Src/syscalls.o
 .debug_macro   0x0000000000000000       0x10 Src/syscalls.o
 .debug_macro   0x0000000000000000      0x241 Src/syscalls.o
 .debug_macro   0x0000000000000000       0x1c Src/syscalls.o
 .debug_macro   0x0000000000000000       0x10 Src/syscalls.o
 .debug_macro   0x0000000000000000       0x10 Src/syscalls.o
 .debug_macro   0x0000000000000000       0x16 Src/syscalls.o
 .debug_macro   0x0000000000000000      0x145 Src/syscalls.o
 .debug_macro   0x0000000000000000      0x189 Src/syscalls.o
 .debug_macro   0x0000000000000000       0x16 Src/syscalls.o
 .debug_macro   0x0000000000000000       0x88 Src/syscalls.o
 .debug_line    0x0000000000000000      0x739 Src/syscalls.o
 .debug_str     0x0000000000000000     0x88ae Src/syscalls.o
 .comment       0x0000000000000000       0x7c Src/syscalls.o
 .debug_frame   0x0000000000000000      0x2ac Src/syscalls.o
 .ARM.attributes
                0x0000000000000000       0x33 Src/syscalls.o
 .group         0x0000000000000000        0xc Src/sysmem.o
 .group         0x0000000000000000        0xc Src/sysmem.o
 .group         0x0000000000000000        0xc Src/sysmem.o
 .group         0x0000000000000000        0xc Src/sysmem.o
 .group         0x0000000000000000        0xc Src/sysmem.o
 .group         0x0000000000000000        0xc Src/sysmem.o
 .group         0x0000000000000000        0xc Src/sysmem.o
 .group         0x0000000000000000        0xc Src/sysmem.o
 .group         0x0000000000000000        0xc Src/sysmem.o
 .group         0x0000000000000000        0xc Src/sysmem.o
 .group         0x0000000000000000        0xc Src/sysmem.o
 .group         0x0000000000000000        0xc Src/sysmem.o
 .group         0x0000000000000000        0xc Src/sysmem.o
 .group         0x0000000000000000        0xc Src/sysmem.o
 .group         0x0000000000000000        0xc Src/sysmem.o
 .group         0x0000000000000000        0xc Src/sysmem.o
 .group         0x0000000000000000        0xc Src/sysmem.o
 .group         0x0000000000000000        0xc Src/sysmem.o
 .group         0x0000000000000000        0xc Src/sysmem.o
 .text          0x0000000000000000        0x0 Src/sysmem.o
 .data          0x0000000000000000        0x0 Src/sysmem.o
 .bss           0x0000000000000000        0x0 Src/sysmem.o
 .bss.__sbrk_heap_end
                0x0000000000000000        0x4 Src/sysmem.o
 .text._sbrk    0x0000000000000000       0x6c Src/sysmem.o
 .debug_info    0x0000000000000000      0xa7c Src/sysmem.o
 .debug_abbrev  0x0000000000000000      0x18e Src/sysmem.o
 .debug_loc     0x0000000000000000       0x50 Src/sysmem.o
 .debug_aranges
                0x0000000000000000       0x20 Src/sysmem.o
 .debug_ranges  0x0000000000000000       0x10 Src/sysmem.o
 .debug_macro   0x0000000000000000       0xee Src/sysmem.o
 .debug_macro   0x0000000000000000      0xa60 Src/sysmem.o
 .debug_macro   0x0000000000000000       0x10 Src/sysmem.o
 .debug_macro   0x0000000000000000       0x22 Src/sysmem.o
 .debug_macro   0x0000000000000000       0x40 Src/sysmem.o
 .debug_macro   0x0000000000000000       0x18 Src/sysmem.o
 .debug_macro   0x0000000000000000       0x94 Src/sysmem.o
 .debug_macro   0x0000000000000000       0x3c Src/sysmem.o
 .debug_macro   0x0000000000000000       0x34 Src/sysmem.o
 .debug_macro   0x0000000000000000      0x174 Src/sysmem.o
 .debug_macro   0x0000000000000000       0x57 Src/sysmem.o
 .debug_macro   0x0000000000000000       0x52 Src/sysmem.o
 .debug_macro   0x0000000000000000       0x1f Src/sysmem.o
 .debug_macro   0x0000000000000000       0x43 Src/sysmem.o
 .debug_macro   0x0000000000000000       0x20 Src/sysmem.o
 .debug_macro   0x0000000000000000      0x1a3 Src/sysmem.o
 .debug_macro   0x0000000000000000      0x23b Src/sysmem.o
 .debug_macro   0x0000000000000000       0xef Src/sysmem.o
 .debug_macro   0x0000000000000000       0x6a Src/sysmem.o
 .debug_macro   0x0000000000000000      0x1df Src/sysmem.o
 .debug_line    0x0000000000000000      0x4c2 Src/sysmem.o
 .debug_str     0x0000000000000000     0x5f7c Src/sysmem.o
 .comment       0x0000000000000000       0x7c Src/sysmem.o
 .debug_frame   0x0000000000000000       0x34 Src/sysmem.o
 .ARM.attributes
                0x0000000000000000       0x33 Src/sysmem.o
 .text          0x0000000000000000       0x14 Startup/startup_stm32f103c6tx.o
 .data          0x0000000000000000        0x0 Startup/startup_stm32f103c6tx.o
 .bss           0x0000000000000000        0x0 Startup/startup_stm32f103c6tx.o
 .text          0x0000000000000000        0x0 c:/st/stm32cubeide_1.4.0/stm32cubeide/plugins/com.st.stm32cube.ide.mcu.externaltools.gnu-tools-for-stm32.7-2018-q2-update.win32_1.4.0.202007081208/tools/bin/../lib/gcc/arm-none-eabi/7.3.1/../../../../arm-none-eabi/lib/thumb/v7-m\libc_nano.a(lib_a-errno.o)
 .data          0x0000000000000000        0x0 c:/st/stm32cubeide_1.4.0/stm32cubeide/plugins/com.st.stm32cube.ide.mcu.externaltools.gnu-tools-for-stm32.7-2018-q2-update.win32_1.4.0.202007081208/tools/bin/../lib/gcc/arm-none-eabi/7.3.1/../../../../arm-none-eabi/lib/thumb/v7-m\libc_nano.a(lib_a-errno.o)
 .bss           0x0000000000000000        0x0 c:/st/stm32cubeide_1.4.0/stm32cubeide/plugins/com.st.stm32cube.ide.mcu.externaltools.gnu-tools-for-stm32.7-2018-q2-update.win32_1.4.0.202007081208/tools/bin/../lib/gcc/arm-none-eabi/7.3.1/../../../../arm-none-eabi/lib/thumb/v7-m\libc_nano.a(lib_a-errno.o)
 .text.__errno  0x0000000000000000        0xc c:/st/stm32cubeide_1.4.0/stm32cubeide/plugins/com.st.stm32cube.ide.mcu.externaltools.gnu-tools-for-stm32.7-2018-q2-update.win32_1.4.0.202007081208/tools/bin/../lib/gcc/arm-none-eabi/7.3.1/../../../../arm-none-eabi/lib/thumb/v7-m\libc_nano.a(lib_a-errno.o)
 .debug_frame   0x0000000000000000       0x20 c:/st/stm32cubeide_1.4.0/stm32cubeide/plugins/com.st.stm32cube.ide.mcu.externaltools.gnu-tools-for-stm32.7-2018-q2-update.win32_1.4.0.202007081208/tools/bin/../lib/gcc/arm-none-eabi/7.3.1/../../../../arm-none-eabi/lib/thumb/v7-m\libc_nano.a(lib_a-errno.o)
 .ARM.attributes
                0x0000000000000000       0x2d c:/st/stm32cubeide_1.4.0/stm32cubeide/plugins/com.st.stm32cube.ide.mcu.externaltools.gnu-tools-for-stm32.7-2018-q2-update.win32_1.4.0.202007081208/tools/bin/../lib/gcc/arm-none-eabi/7.3.1/../../../../arm-none-eabi/lib/thumb/v7-m\libc_nano.a(lib_a-errno.o)
 .text          0x0000000000000000        0x0 c:/st/stm32cubeide_1.4.0/stm32cubeide/plugins/com.st.stm32cube.ide.mcu.externaltools.gnu-tools-for-stm32.7-2018-q2-update.win32_1.4.0.202007081208/tools/bin/../lib/gcc/arm-none-eabi/7.3.1/../../../../arm-none-eabi/lib/thumb/v7-m\libc_nano.a(lib_a-exit.o)
 .data          0x0000000000000000        0x0 c:/st/stm32cubeide_1.4.0/stm32cubeide/plugins/com.st.stm32cube.ide.mcu.externaltools.gnu-tools-for-stm32.7-2018-q2-update.win32_1.4.0.202007081208/tools/bin/../lib/gcc/arm-none-eabi/7.3.1/../../../../arm-none-eabi/lib/thumb/v7-m\libc_nano.a(lib_a-exit.o)
 .bss           0x0000000000000000        0x0 c:/st/stm32cubeide_1.4.0/stm32cubeide/plugins/com.st.stm32cube.ide.mcu.externaltools.gnu-tools-for-stm32.7-2018-q2-update.win32_1.4.0.202007081208/tools/bin/../lib/gcc/arm-none-eabi/7.3.1/../../../../arm-none-eabi/lib/thumb/v7-m\libc_nano.a(lib_a-exit.o)
 .text.exit     0x0000000000000000       0x28 c:/st/stm32cubeide_1.4.0/stm32cubeide/plugins/com.st.stm32cube.ide.mcu.externaltools.gnu-tools-for-stm32.7-2018-q2-update.win32_1.4.0.202007081208/tools/bin/../lib/gcc/arm-none-eabi/7.3.1/../../../../arm-none-eabi/lib/thumb/v7-m\libc_nano.a(lib_a-exit.o)
 .debug_frame   0x0000000000000000       0x28 c:/st/stm32cubeide_1.4.0/stm32cubeide/plugins/com.st.stm32cube.ide.mcu.externaltools.gnu-tools-for-stm32.7-2018-q2-update.win32_1.4.0.202007081208/tools/bin/../lib/gcc/arm-none-eabi/7.3.1/../../../../arm-none-eabi/lib/thumb/v7-m\libc_nano.a(lib_a-exit.o)
 .ARM.attributes
                0x0000000000000000       0x2d c:/st/stm32cubeide_1.4.0/stm32cubeide/plugins/com.st.stm32cube.ide.mcu.externaltools.gnu-tools-for-stm32.7-2018-q2-update.win32_1.4.0.202007081208/tools/bin/../lib/gcc/arm-none-eabi/7.3.1/../../../../arm-none-eabi/lib/thumb/v7-m\libc_nano.a(lib_a-exit.o)
 .text          0x0000000000000000        0x0 c:/st/stm32cubeide_1.4.0/stm32cubeide/plugins/com.st.stm32cube.ide.mcu.externaltools.gnu-tools-for-stm32.7-2018-q2-update.win32_1.4.0.202007081208/tools/bin/../lib/gcc/arm-none-eabi/7.3.1/../../../../arm-none-eabi/lib/thumb/v7-m\libc_nano.a(lib_a-impure.o)
 .data          0x0000000000000000        0x0 c:/st/stm32cubeide_1.4.0/stm32cubeide/plugins/com.st.stm32cube.ide.mcu.externaltools.gnu-tools-for-stm32.7-2018-q2-update.win32_1.4.0.202007081208/tools/bin/../lib/gcc/arm-none-eabi/7.3.1/../../../../arm-none-eabi/lib/thumb/v7-m\libc_nano.a(lib_a-impure.o)
 .bss           0x0000000000000000        0x0 c:/st/stm32cubeide_1.4.0/stm32cubeide/plugins/com.st.stm32cube.ide.mcu.externaltools.gnu-tools-for-stm32.7-2018-q2-update.win32_1.4.0.202007081208/tools/bin/../lib/gcc/arm-none-eabi/7.3.1/../../../../arm-none-eabi/lib/thumb/v7-m\libc_nano.a(lib_a-impure.o)
 .data._impure_ptr
                0x0000000000000000        0x4 c:/st/stm32cubeide_1.4.0/stm32cubeide/plugins/com.st.stm32cube.ide.mcu.externaltools.gnu-tools-for-stm32.7-2018-q2-update.win32_1.4.0.202007081208/tools/bin/../lib/gcc/arm-none-eabi/7.3.1/../../../../arm-none-eabi/lib/thumb/v7-m\libc_nano.a(lib_a-impure.o)
 .data.impure_data
                0x0000000000000000       0x60 c:/st/stm32cubeide_1.4.0/stm32cubeide/plugins/com.st.stm32cube.ide.mcu.externaltools.gnu-tools-for-stm32.7-2018-q2-update.win32_1.4.0.202007081208/tools/bin/../lib/gcc/arm-none-eabi/7.3.1/../../../../arm-none-eabi/lib/thumb/v7-m\libc_nano.a(lib_a-impure.o)
 .rodata._global_impure_ptr
                0x0000000000000000        0x4 c:/st/stm32cubeide_1.4.0/stm32cubeide/plugins/com.st.stm32cube.ide.mcu.externaltools.gnu-tools-for-stm32.7-2018-q2-update.win32_1.4.0.202007081208/tools/bin/../lib/gcc/arm-none-eabi/7.3.1/../../../../arm-none-eabi/lib/thumb/v7-m\libc_nano.a(lib_a-impure.o)
 .ARM.attributes
                0x0000000000000000       0x2d c:/st/stm32cubeide_1.4.0/stm32cubeide/plugins/com.st.stm32cube.ide.mcu.externaltools.gnu-tools-for-stm32.7-2018-q2-update.win32_1.4.0.202007081208/tools/bin/../lib/gcc/arm-none-eabi/7.3.1/../../../../arm-none-eabi/lib/thumb/v7-m\libc_nano.a(lib_a-impure.o)
 .text          0x0000000000000000        0x0 c:/st/stm32cubeide_1.4.0/stm32cubeide/plugins/com.st.stm32cube.ide.mcu.externaltools.gnu-tools-for-stm32.7-2018-q2-update.win32_1.4.0.202007081208/tools/bin/../lib/gcc/arm-none-eabi/7.3.1/../../../../arm-none-eabi/lib/thumb/v7-m\libc_nano.a(lib_a-init.o)
 .data          0x0000000000000000        0x0 c:/st/stm32cubeide_1.4.0/stm32cubeide/plugins/com.st.stm32cube.ide.mcu.externaltools.gnu-tools-for-stm32.7-2018-q2-update.win32_1.4.0.202007081208/tools/bin/../lib/gcc/arm-none-eabi/7.3.1/../../../../arm-none-eabi/lib/thumb/v7-m\libc_nano.a(lib_a-init.o)
 .bss           0x0000000000000000        0x0 c:/st/stm32cubeide_1.4.0/stm32cubeide/plugins/com.st.stm32cube.ide.mcu.externaltools.gnu-tools-for-stm32.7-2018-q2-update.win32_1.4.0.202007081208/tools/bin/../lib/gcc/arm-none-eabi/7.3.1/../../../../arm-none-eabi/lib/thumb/v7-m\libc_nano.a(lib_a-init.o)
 .text          0x0000000000000000        0x0 c:/st/stm32cubeide_1.4.0/stm32cubeide/plugins/com.st.stm32cube.ide.mcu.externaltools.gnu-tools-for-stm32.7-2018-q2-update.win32_1.4.0.202007081208/tools/bin/../lib/gcc/arm-none-eabi/7.3.1/../../../../arm-none-eabi/lib/thumb/v7-m\libc_nano.a(lib_a-memset.o)
 .data          0x0000000000000000        0x0 c:/st/stm32cubeide_1.4.0/stm32cubeide/plugins/com.st.stm32cube.ide.mcu.externaltools.gnu-tools-for-stm32.7-2018-q2-update.win32_1.4.0.202007081208/tools/bin/../lib/gcc/arm-none-eabi/7.3.1/../../../../arm-none-eabi/lib/thumb/v7-m\libc_nano.a(lib_a-memset.o)
 .bss           0x0000000000000000        0x0 c:/st/stm32cubeide_1.4.0/stm32cubeide/plugins/com.st.stm32cube.ide.mcu.externaltools.gnu-tools-for-stm32.7-2018-q2-update.win32_1.4.0.202007081208/tools/bin/../lib/gcc/arm-none-eabi/7.3.1/../../../../arm-none-eabi/lib/thumb/v7-m\libc_nano.a(lib_a-memset.o)
 .text.memset   0x0000000000000000       0x10 c:/st/stm32cubeide_1.4.0/stm32cubeide/plugins/com.st.stm32cube.ide.mcu.externaltools.gnu-tools-for-stm32.7-2018-q2-update.win32_1.4.0.202007081208/tools/bin/../lib/gcc/arm-none-eabi/7.3.1/../../../../arm-none-eabi/lib/thumb/v7-m\libc_nano.a(lib_a-memset.o)
 .debug_frame   0x0000000000000000       0x20 c:/st/stm32cubeide_1.4.0/stm32cubeide/plugins/com.st.stm32cube.ide.mcu.externaltools.gnu-tools-for-stm32.7-2018-q2-update.win32_1.4.0.202007081208/tools/bin/../lib/gcc/arm-none-eabi/7.3.1/../../../../arm-none-eabi/lib/thumb/v7-m\libc_nano.a(lib_a-memset.o)
 .ARM.attributes
                0x0000000000000000       0x2d c:/st/stm32cubeide_1.4.0/stm32cubeide/plugins/com.st.stm32cube.ide.mcu.externaltools.gnu-tools-for-stm32.7-2018-q2-update.win32_1.4.0.202007081208/tools/bin/../lib/gcc/arm-none-eabi/7.3.1/../../../../arm-none-eabi/lib/thumb/v7-m\libc_nano.a(lib_a-memset.o)
 .text          0x0000000000000000        0x0 c:/st/stm32cubeide_1.4.0/stm32cubeide/plugins/com.st.stm32cube.ide.mcu.externaltools.gnu-tools-for-stm32.7-2018-q2-update.win32_1.4.0.202007081208/tools/bin/../lib/gcc/arm-none-eabi/7.3.1/thumb/v7-m/crtend.o
 .data          0x0000000000000000        0x0 c:/st/stm32cubeide_1.4.0/stm32cubeide/plugins/com.st.stm32cube.ide.mcu.externaltools.gnu-tools-for-stm32.7-2018-q2-update.win32_1.4.0.202007081208/tools/bin/../lib/gcc/arm-none-eabi/7.3.1/thumb/v7-m/crtend.o
 .bss           0x0000000000000000        0x0 c:/st/stm32cubeide_1.4.0/stm32cubeide/plugins/com.st.stm32cube.ide.mcu.externaltools.gnu-tools-for-stm32.7-2018-q2-update.win32_1.4.0.202007081208/tools/bin/../lib/gcc/arm-none-eabi/7.3.1/thumb/v7-m/crtend.o
 .eh_frame      0x0000000000000000        0x4 c:/st/stm32cubeide_1.4.0/stm32cubeide/plugins/com.st.stm32cube.ide.mcu.externaltools.gnu-tools-for-stm32.7-2018-q2-update.win32_1.4.0.202007081208/tools/bin/../lib/gcc/arm-none-eabi/7.3.1/thumb/v7-m/crtend.o
 .ARM.attributes
                0x0000000000000000       0x2d c:/st/stm32cubeide_1.4.0/stm32cubeide/plugins/com.st.stm32cube.ide.mcu.externaltools.gnu-tools-for-stm32.7-2018-q2-update.win32_1.4.0.202007081208/tools/bin/../lib/gcc/arm-none-eabi/7.3.1/thumb/v7-m/crtend.o
 .text          0x0000000000000000        0x0 c:/st/stm32cubeide_1.4.0/stm32cubeide/plugins/com.st.stm32cube.ide.mcu.externaltools.gnu-tools-for-stm32.7-2018-q2-update.win32_1.4.0.202007081208/tools/bin/../lib/gcc/arm-none-eabi/7.3.1/thumb/v7-m/crtn.o
 .data          0x0000000000000000        0x0 c:/st/stm32cubeide_1.4.0/stm32cubeide/plugins/com.st.stm32cube.ide.mcu.externaltools.gnu-tools-for-stm32.7-2018-q2-update.win32_1.4.0.202007081208/tools/bin/../lib/gcc/arm-none-eabi/7.3.1/thumb/v7-m/crtn.o
 .bss           0x0000000000000000        0x0 c:/st/stm32cubeide_1.4.0/stm32cubeide/plugins/com.st.stm32cube.ide.mcu.externaltools.gnu-tools-for-stm32.7-2018-q2-update.win32_1.4.0.202007081208/tools/bin/../lib/gcc/arm-none-eabi/7.3.1/thumb/v7-m/crtn.o

Memory Configuration

Name             Origin             Length             Attributes
RAM              0x0000000020000000 0x0000000000002800 xrw
ROM              0x0000000008000000 0x0000000000008000 xr
*default*        0x0000000000000000 0xffffffffffffffff

Linker script and memory map

LOAD c:/st/stm32cubeide_1.4.0/stm32cubeide/plugins/com.st.stm32cube.ide.mcu.externaltools.gnu-tools-for-stm32.7-2018-q2-update.win32_1.4.0.202007081208/tools/bin/../lib/gcc/arm-none-eabi/7.3.1/thumb/v7-m/crti.o
LOAD c:/st/stm32cubeide_1.4.0/stm32cubeide/plugins/com.st.stm32cube.ide.mcu.externaltools.gnu-tools-for-stm32.7-2018-q2-update.win32_1.4.0.202007081208/tools/bin/../lib/gcc/arm-none-eabi/7.3.1/thumb/v7-m/crtbegin.o
LOAD c:/st/stm32cubeide_1.4.0/stm32cubeide/plugins/com.st.stm32cube.ide.mcu.externaltools.gnu-tools-for-stm32.7-2018-q2-update.win32_1.4.0.202007081208/tools/bin/../lib/gcc/arm-none-eabi/7.3.1/../../../../arm-none-eabi/lib/thumb/v7-m/crt0.o
LOAD HAL/Keypad.o
LOAD HAL/LCD.o
LOAD STM32_F103C6_Drivers/GPIO/STM32_F103C6_GPIO_Driver.o
LOAD STM32_F103C6_Drivers/STM32_F103C6_EXTI_Driver.o
LOAD Src/main.o
LOAD Src/syscalls.o
LOAD Src/sysmem.o
LOAD Startup/startup_stm32f103c6tx.o
START GROUP
LOAD c:/st/stm32cubeide_1.4.0/stm32cubeide/plugins/com.st.stm32cube.ide.mcu.externaltools.gnu-tools-for-stm32.7-2018-q2-update.win32_1.4.0.202007081208/tools/bin/../lib/gcc/arm-none-eabi/7.3.1/../../../../arm-none-eabi/lib/thumb/v7-m\libc_nano.a
LOAD c:/st/stm32cubeide_1.4.0/stm32cubeide/plugins/com.st.stm32cube.ide.mcu.externaltools.gnu-tools-for-stm32.7-2018-q2-update.win32_1.4.0.202007081208/tools/bin/../lib/gcc/arm-none-eabi/7.3.1/../../../../arm-none-eabi/lib/thumb/v7-m\libm.a
END GROUP
START GROUP
LOAD c:/st/stm32cubeide_1.4.0/stm32cubeide/plugins/com.st.stm32cube.ide.mcu.externaltools.gnu-tools-for-stm32.7-2018-q2-update.win32_1.4.0.202007081208/tools/bin/../lib/gcc/arm-none-eabi/7.3.1/thumb/v7-m\libgcc.a
LOAD c:/st/stm32cubeide_1.4.0/stm32cubeide/plugins/com.st.stm32cube.ide.mcu.externaltools.gnu-tools-for-stm32.7-2018-q2-update.win32_1.4.0.202007081208/tools/bin/../lib/gcc/arm-none-eabi/7.3.1/../../../../arm-none-eabi/lib/thumb/v7-m\libg_nano.a
LOAD c:/st/stm32cubeide_1.4.0/stm32cubeide/plugins/com.st.stm32cube.ide.mcu.externaltools.gnu-tools-for-stm32.7-2018-q2-update.win32_1.4.0.202007081208/tools/bin/../lib/gcc/arm-none-eabi/7.3.1/../../../../arm-none-eabi/lib/thumb/v7-m\libc_nano.a
END GROUP
START GROUP
LOAD c:/st/stm32cubeide_1.4.0/stm32cubeide/plugins/com.st.stm32cube.ide.mcu.externaltools.gnu-tools-for-stm32.7-2018-q2-update.win32_1.4.0.202007081208/tools/bin/../lib/gcc/arm-none-eabi/7.3.1/thumb/v7-m\libgcc.a
LOAD c:/st/stm32cubeide_1.4.0/stm32cubeide/plugins/com.st.stm32cube.ide.mcu.externaltools.gnu-tools-for-stm32.7-2018-q2-update.win32_1.4.0.202007081208/tools/bin/../lib/gcc/arm-none-eabi/7.3.1/../../../../arm-none-eabi/lib/thumb/v7-m\libc_nano.a
LOAD c:/st/stm32cubeide_1.4.0/stm32cubeide/plugins/com.st.stm32cube.ide.mcu.externaltools.gnu-tools-for-stm32.7-2018-q2-update.win32_1.4.0.202007081208/tools/bin/../lib/gcc/arm-none-eabi/7.3.1/../../../../arm-none-eabi/lib/thumb/v7-m\libnosys.a
END GROUP
START GROUP
LOAD c:/st/stm32cubeide_1.4.0/stm32cubeide/plugins/com.st.stm32cube.ide.mcu.externaltools.gnu-tools-for-stm32.7-2018-q2-update.win32_1.4.0.202007081208/tools/bin/../lib/gcc/arm-none-eabi/7.3.1/thumb/v7-m\libgcc.a
LOAD c:/st/stm32cubeide_1.4.0/stm32cubeide/plugins/com.st.stm32cube.ide.mcu.externaltools.gnu-tools-for-stm32.7-2018-q2-update.win32_1.4.0.202007081208/tools/bin/../lib/gcc/arm-none-eabi/7.3.1/../../../../arm-none-eabi/lib/thumb/v7-m\libc_nano.a
LOAD c:/st/stm32cubeide_1.4.0/stm32cubeide/plugins/com.st.stm32cube.ide.mcu.externaltools.gnu-tools-for-stm32.7-2018-q2-update.win32_1.4.0.202007081208/tools/bin/../lib/gcc/arm-none-eabi/7.3.1/../../../../arm-none-eabi/lib/thumb/v7-m\libnosys.a
END GROUP
LOAD c:/st/stm32cubeide_1.4.0/stm32cubeide/plugins/com.st.stm32cube.ide.mcu.externaltools.gnu-tools-for-stm32.7-2018-q2-update.win32_1.4.0.202007081208/tools/bin/../lib/gcc/arm-none-eabi/7.3.1/thumb/v7-m/crtend.o
LOAD c:/st/stm32cubeide_1.4.0/stm32cubeide/plugins/com.st.stm32cube.ide.mcu.externaltools.gnu-tools-for-stm32.7-2018-q2-update.win32_1.4.0.202007081208/tools/bin/../lib/gcc/arm-none-eabi/7.3.1/thumb/v7-m/crtn.o
                0x0000000020002800                _estack = (ORIGIN (RAM) + LENGTH (RAM))
                0x0000000000000200                _Min_Heap_Size = 0x200
                0x0000000000000400                _Min_Stack_Size = 0x400

.isr_vector     0x0000000008000000      0x130
                0x0000000008000000                . = ALIGN (0x4)
 *(.isr_vector)
 .isr_vector    0x0000000008000000      0x130 Startup/startup_stm32f103c6tx.o
                0x0000000008000000                g_pfnVectors
                0x0000000008000130                . = ALIGN (0x4)

.text           0x0000000008000130      0xea4
                0x0000000008000130                . = ALIGN (0x4)
 *(.text)
 .text          0x0000000008000130       0x40 c:/st/stm32cubeide_1.4.0/stm32cubeide/plugins/com.st.stm32cube.ide.mcu.externaltools.gnu-tools-for-stm32.7-2018-q2-update.win32_1.4.0.202007081208/tools/bin/../lib/gcc/arm-none-eabi/7.3.1/thumb/v7-m/crtbegin.o
 *(.text*)
 .text.KEYPAD_INIT
                0x0000000008000170       0xec HAL/Keypad.o
                0x0000000008000170                KEYPAD_INIT
 .text.LCD_Config_Data_8Bit_MODE_INPUT_FLO
                0x000000000800025c       0xb0 HAL/LCD.o
                0x000000000800025c                LCD_Config_Data_8Bit_MODE_INPUT_FLO
 .text.LCD_Config_Data_8Bit_MODE_OUTPUT_PP
                0x000000000800030c       0xe0 HAL/LCD.o
                0x000000000800030c                LCD_Config_Data_8Bit_MODE_OUTPUT_PP
 .text.wait_ms  0x00000000080003ec       0x38 HAL/LCD.o
                0x00000000080003ec                wait_ms
 .text.LCD_KICK
                0x0000000008000424       0x2c HAL/LCD.o
                0x0000000008000424                LCD_KICK
 .text.LCD_GOTO_XY
                0x0000000008000450       0x52 HAL/LCD.o
                0x0000000008000450                LCD_GOTO_XY
 *fill*         0x00000000080004a2        0x2 
 .text.LCD_BUSY
                0x00000000080004a4       0x3c HAL/LCD.o
                0x00000000080004a4                LCD_BUSY
 .text.LCD_INIT
                0x00000000080004e0       0xb8 HAL/LCD.o
                0x00000000080004e0                LCD_INIT
 .text.LCD_WRITE_COMMAND
                0x0000000008000598       0x44 HAL/LCD.o
                0x0000000008000598                LCD_WRITE_COMMAND
 .text.LCD_WRITE_CHAR
                0x00000000080005dc       0x40 HAL/LCD.o
                0x00000000080005dc                LCD_WRITE_CHAR
 .text.LCD_WRITE_STRING
                0x000000000800061c       0x58 HAL/LCD.o
                0x000000000800061c                LCD_WRITE_STRING
 .text.LCD_CLEAR
                0x0000000008000674        0xe HAL/LCD.o
                0x0000000008000674                LCD_CLEAR
 .text.Get_CRLH_Position
                0x0000000008000682       0xc6 STM32_F103C6_Drivers/GPIO/STM32_F103C6_GPIO_Driver.o
                0x0000000008000682                Get_CRLH_Position
 .text.MCAL_GPIO_Init
                0x0000000008000748       0xfe STM32_F103C6_Drivers/GPIO/STM32_F103C6_GPIO_Driver.o
                0x0000000008000748                MCAL_GPIO_Init
 .text.MCAL_GPIO_WritePin
                0x0000000008000846       0x2e STM32_F103C6_Drivers/GPIO/STM32_F103C6_GPIO_Driver.o
                0x0000000008000846                MCAL_GPIO_WritePin
 .text.MCAL_GPIO_WritePort
                0x0000000008000874       0x1c STM32_F103C6_Drivers/GPIO/STM32_F103C6_GPIO_Driver.o
                0x0000000008000874                MCAL_GPIO_WritePort
 .text.Enable_NVIC
                0x0000000008000890       0xcc STM32_F103C6_Drivers/STM32_F103C6_EXTI_Driver.o
                0x0000000008000890                Enable_NVIC
 .text.Disable_NVIC
                0x000000000800095c       0xd0 STM32_F103C6_Drivers/STM32_F103C6_EXTI_Driver.o
                0x000000000800095c                Disable_NVIC
 .text.Update_EXTI
                0x0000000008000a2c      0x1e0 STM32_F103C6_Drivers/STM32_F103C6_EXTI_Driver.o
                0x0000000008000a2c                Update_EXTI
 .text.MCAL_EXTI_GPIO_Init
                0x0000000008000c0c       0x16 STM32_F103C6_Drivers/STM32_F103C6_EXTI_Driver.o
                0x0000000008000c0c                MCAL_EXTI_GPIO_Init
 *fill*         0x0000000008000c22        0x2 
 .text.EXTI0_IRQHandler
                0x0000000008000c24       0x24 STM32_F103C6_Drivers/STM32_F103C6_EXTI_Driver.o
                0x0000000008000c24                EXTI0_IRQHandler
 .text.EXTI1_IRQHandler
                0x0000000008000c48       0x24 STM32_F103C6_Drivers/STM32_F103C6_EXTI_Driver.o
                0x0000000008000c48                EXTI1_IRQHandler
 .text.EXTI2_IRQHandler
                0x0000000008000c6c       0x24 STM32_F103C6_Drivers/STM32_F103C6_EXTI_Driver.o
                0x0000000008000c6c                EXTI2_IRQHandler
 .text.EXTI3_IRQHandler
                0x0000000008000c90       0x24 STM32_F103C6_Drivers/STM32_F103C6_EXTI_Driver.o
                0x0000000008000c90                EXTI3_IRQHandler
 .text.EXTI4_IRQHandler
                0x0000000008000cb4       0x24 STM32_F103C6_Drivers/STM32_F103C6_EXTI_Driver.o
                0x0000000008000cb4                EXTI4_IRQHandler
 .text.EXTI9_5_IRQHandler
                0x0000000008000cd8       0xa8 STM32_F103C6_Drivers/STM32_F103C6_EXTI_Driver.o
                0x0000000008000cd8                EXTI9_5_IRQHandler
 .text.EXTI15_10_IRQHandler
                0x0000000008000d80       0xc4 STM32_F103C6_Drivers/STM32_F103C6_EXTI_Driver.o
                0x0000000008000d80                EXTI15_10_IRQHandler
 .text.wait     0x0000000008000e44       0x38 Src/main.o
                0x0000000008000e44                wait
 .text.EXTI9_Callback
                0x0000000008000e7c       0x24 Src/main.o
                0x0000000008000e7c                EXTI9_Callback
 .text.main     0x0000000008000ea0       0x80 Src/main.o
                0x0000000008000ea0                main
 .text.Reset_Handler
                0x0000000008000f20       0x50 Startup/startup_stm32f103c6tx.o
                0x0000000008000f20                Reset_Handler
 .text.Default_Handler
                0x0000000008000f70        0x2 Startup/startup_stm32f103c6tx.o
                0x0000000008000f70                TIM8_TRG_COM_IRQHandler
                0x0000000008000f70                TIM8_CC_IRQHandler
                0x0000000008000f70                DebugMon_Handler
                0x0000000008000f70                TIM1_CC_IRQHandler
                0x0000000008000f70                HardFault_Handler
                0x0000000008000f70                TIM6_IRQHandler
                0x0000000008000f70                SysTick_Handler
                0x0000000008000f70                PVD_IRQHandler
                0x0000000008000f70                SDIO_IRQHandler
                0x0000000008000f70                PendSV_Handler
                0x0000000008000f70                NMI_Handler
                0x0000000008000f70                USB_HP_CAN_TX_IRQHandler
                0x0000000008000f70                I2C2_EV_IRQHandler
                0x0000000008000f70                UsageFault_Handler
                0x0000000008000f70                ADC1_2_IRQHandler
                0x0000000008000f70                SPI1_IRQHandler
                0x0000000008000f70                CAN_SCE_IRQHandler
                0x0000000008000f70                TAMPER_IRQHandler
                0x0000000008000f70                TIM8_UP_IRQHandler
                0x0000000008000f70                DMA2_Channel2_IRQHandler
                0x0000000008000f70                DMA1_Channel4_IRQHandler
                0x0000000008000f70                USART3_IRQHandler
                0x0000000008000f70                RTC_IRQHandler
                0x0000000008000f70                DMA1_Channel7_IRQHandler
                0x0000000008000f70                UART5_IRQHandler
                0x0000000008000f70                ADC3_IRQHandler
                0x0000000008000f70                TIM4_IRQHandler
                0x0000000008000f70                CAN_RX1_IRQHandler
                0x0000000008000f70                DMA2_Channel1_IRQHandler
                0x0000000008000f70                I2C1_EV_IRQHandler
                0x0000000008000f70                DMA1_Channel6_IRQHandler
                0x0000000008000f70                UART4_IRQHandler
                0x0000000008000f70                TIM3_IRQHandler
                0x0000000008000f70                RCC_IRQHandler
                0x0000000008000f70                TIM1_TRG_COM_IRQHandler
                0x0000000008000f70                DMA1_Channel1_IRQHandler
                0x0000000008000f70                Default_Handler
                0x0000000008000f70                TIM7_IRQHandler
                0x0000000008000f70                TIM5_IRQHandler
                0x0000000008000f70                SPI2_IRQHandler
                0x0000000008000f70                USB_LP_CAN_RX0_IRQHandler
                0x0000000008000f70                MemManage_Handler
                0x0000000008000f70                SVC_Handler
                0x0000000008000f70                DMA1_Channel5_IRQHandler
                0x0000000008000f70                DMA1_Channel3_IRQHandler
                0x0000000008000f70                FSMC_IRQHandler
                0x0000000008000f70                TIM1_UP_IRQHandler
                0x0000000008000f70                WWDG_IRQHandler
                0x0000000008000f70                TIM2_IRQHandler
                0x0000000008000f70                TIM1_BRK_IRQHandler
                0x0000000008000f70                RTCAlarm_IRQHandler
                0x0000000008000f70                DMA2_Channel4_5_IRQHandler
                0x0000000008000f70                USART2_IRQHandler
                0x0000000008000f70                I2C2_ER_IRQHandler
                0x0000000008000f70                DMA1_Channel2_IRQHandler
                0x0000000008000f70                TIM8_BRK_IRQHandler
                0x0000000008000f70                FLASH_IRQHandler
                0x0000000008000f70                BusFault_Handler
                0x0000000008000f70                USART1_IRQHandler
                0x0000000008000f70                SPI3_IRQHandler
                0x0000000008000f70                I2C1_ER_IRQHandler
                0x0000000008000f70                DMA2_Channel3_IRQHandler
 *fill*         0x0000000008000f72        0x2 
 .text.__libc_init_array
                0x0000000008000f74       0x48 c:/st/stm32cubeide_1.4.0/stm32cubeide/plugins/com.st.stm32cube.ide.mcu.externaltools.gnu-tools-for-stm32.7-2018-q2-update.win32_1.4.0.202007081208/tools/bin/../lib/gcc/arm-none-eabi/7.3.1/../../../../arm-none-eabi/lib/thumb/v7-m\libc_nano.a(lib_a-init.o)
                0x0000000008000f74                __libc_init_array
 *(.glue_7)
 .glue_7        0x0000000008000fbc        0x0 linker stubs
 *(.glue_7t)
 .glue_7t       0x0000000008000fbc        0x0 linker stubs
 *(.eh_frame)
 .eh_frame      0x0000000008000fbc        0x0 c:/st/stm32cubeide_1.4.0/stm32cubeide/plugins/com.st.stm32cube.ide.mcu.externaltools.gnu-tools-for-stm32.7-2018-q2-update.win32_1.4.0.202007081208/tools/bin/../lib/gcc/arm-none-eabi/7.3.1/thumb/v7-m/crtbegin.o
 *(.init)
 .init          0x0000000008000fbc        0x4 c:/st/stm32cubeide_1.4.0/stm32cubeide/plugins/com.st.stm32cube.ide.mcu.externaltools.gnu-tools-for-stm32.7-2018-q2-update.win32_1.4.0.202007081208/tools/bin/../lib/gcc/arm-none-eabi/7.3.1/thumb/v7-m/crti.o
                0x0000000008000fbc                _init
 .init          0x0000000008000fc0        0x8 c:/st/stm32cubeide_1.4.0/stm32cubeide/plugins/com.st.stm32cube.ide.mcu.externaltools.gnu-tools-for-stm32.7-2018-q2-update.win32_1.4.0.202007081208/tools/bin/../lib/gcc/arm-none-eabi/7.3.1/thumb/v7-m/crtn.o
 *(.fini)
 .fini          0x0000000008000fc8        0x4 c:/st/stm32cubeide_1.4.0/stm32cubeide/plugins/com.st.stm32cube.ide.mcu.externaltools.gnu-tools-for-stm32.7-2018-q2-update.win32_1.4.0.202007081208/tools/bin/../lib/gcc/arm-none-eabi/7.3.1/thumb/v7-m/crti.o
                0x0000000008000fc8                _fini
 .fini          0x0000000008000fcc        0x8 c:/st/stm32cubeide_1.4.0/stm32cubeide/plugins/com.st.stm32cube.ide.mcu.externaltools.gnu-tools-for-stm32.7-2018-q2-update.win32_1.4.0.202007081208/tools/bin/../lib/gcc/arm-none-eabi/7.3.1/thumb/v7-m/crtn.o
                0x0000000008000fd4                . = ALIGN (0x4)
                0x0000000008000fd4                _etext = .

.vfp11_veneer   0x0000000008000fd4        0x0
 .vfp11_veneer  0x0000000008000fd4        0x0 linker stubs

.v4_bx          0x0000000008000fd4        0x0
 .v4_bx         0x0000000008000fd4        0x0 linker stubs

.iplt           0x0000000008000fd4        0x0
 .iplt          0x0000000008000fd4        0x0 c:/st/stm32cubeide_1.4.0/stm32cubeide/plugins/com.st.stm32cube.ide.mcu.externaltools.gnu-tools-for-stm32.7-2018-q2-update.win32_1.4.0.202007081208/tools/bin/../lib/gcc/arm-none-eabi/7.3.1/thumb/v7-m/crtbegin.o

.rodata         0x0000000008000fd4       0x24
                0x0000000008000fd4                . = ALIGN (0x4)
 *(.rodata)
 .rodata        0x0000000008000fd4       0x24 Src/main.o
 *(.rodata*)
                0x0000000008000ff8                . = ALIGN (0x4)

.rel.dyn        0x0000000008000ff8        0x0
 .rel.iplt      0x0000000008000ff8        0x0 c:/st/stm32cubeide_1.4.0/stm32cubeide/plugins/com.st.stm32cube.ide.mcu.externaltools.gnu-tools-for-stm32.7-2018-q2-update.win32_1.4.0.202007081208/tools/bin/../lib/gcc/arm-none-eabi/7.3.1/thumb/v7-m/crtbegin.o

.ARM.extab      0x0000000008000ff8        0x0
                0x0000000008000ff8                . = ALIGN (0x4)
 *(.ARM.extab* .gnu.linkonce.armextab.*)
                0x0000000008000ff8                . = ALIGN (0x4)

.ARM            0x0000000008000ff8        0x0
                0x0000000008000ff8                . = ALIGN (0x4)
                0x0000000008000ff8                __exidx_start = .
 *(.ARM.exidx*)
                0x0000000008000ff8                __exidx_end = .
                0x0000000008000ff8                . = ALIGN (0x4)

.preinit_array  0x0000000008000ff8        0x0
                0x0000000008000ff8                . = ALIGN (0x4)
                0x0000000008000ff8                PROVIDE (__preinit_array_start = .)
 *(.preinit_array*)
                0x0000000008000ff8                PROVIDE (__preinit_array_end = .)
                0x0000000008000ff8                . = ALIGN (0x4)

.init_array     0x0000000008000ff8        0x4
                0x0000000008000ff8                . = ALIGN (0x4)
                0x0000000008000ff8                PROVIDE (__init_array_start = .)
 *(SORT_BY_NAME(.init_array.*))
 *(.init_array*)
 .init_array    0x0000000008000ff8        0x4 c:/st/stm32cubeide_1.4.0/stm32cubeide/plugins/com.st.stm32cube.ide.mcu.externaltools.gnu-tools-for-stm32.7-2018-q2-update.win32_1.4.0.202007081208/tools/bin/../lib/gcc/arm-none-eabi/7.3.1/thumb/v7-m/crtbegin.o
                0x0000000008000ffc                PROVIDE (__init_array_end = .)
                0x0000000008000ffc                . = ALIGN (0x4)

.fini_array     0x0000000008000ffc        0x4
                0x0000000008000ffc                . = ALIGN (0x4)
                [!provide]                        PROVIDE (__fini_array_start = .)
 *(SORT_BY_NAME(.fini_array.*))
 *(.fini_array*)
 .fini_array    0x0000000008000ffc        0x4 c:/st/stm32cubeide_1.4.0/stm32cubeide/plugins/com.st.stm32cube.ide.mcu.externaltools.gnu-tools-for-stm32.7-2018-q2-update.win32_1.4.0.202007081208/tools/bin/../lib/gcc/arm-none-eabi/7.3.1/thumb/v7-m/crtbegin.o
                [!provide]                        PROVIDE (__fini_array_end = .)
                0x0000000008001000                . = ALIGN (0x4)
                0x0000000008001000                _sidata = LOADADDR (.data)

.data           0x0000000020000000        0x0 load address 0x0000000008001000
                0x0000000020000000                . = ALIGN (0x4)
                0x0000000020000000                _sdata = .
 *(.data)
 *(.data*)
                0x0000000020000000                . = ALIGN (0x4)
                0x0000000020000000                _edata = .

.igot.plt       0x0000000020000000        0x0 load address 0x0000000008001000
 .igot.plt      0x0000000020000000        0x0 c:/st/stm32cubeide_1.4.0/stm32cubeide/plugins/com.st.stm32cube.ide.mcu.externaltools.gnu-tools-for-stm32.7-2018-q2-update.win32_1.4.0.202007081208/tools/bin/../lib/gcc/arm-none-eabi/7.3.1/thumb/v7-m/crtbegin.o
                0x0000000020000000                . = ALIGN (0x4)

.bss            0x0000000020000000       0x60 load address 0x0000000008001000
                0x0000000020000000                _sbss = .
                0x0000000020000000                __bss_start__ = _sbss
 *(.bss)
 .bss           0x0000000020000000       0x1c c:/st/stm32cubeide_1.4.0/stm32cubeide/plugins/com.st.stm32cube.ide.mcu.externaltools.gnu-tools-for-stm32.7-2018-q2-update.win32_1.4.0.202007081208/tools/bin/../lib/gcc/arm-none-eabi/7.3.1/thumb/v7-m/crtbegin.o
 *(.bss*)
 *(COMMON)
 COMMON         0x000000002000001c        0x4 HAL/Keypad.o
                0x000000002000001c                PinCnfg
 COMMON         0x0000000020000020       0x3c STM32_F103C6_Drivers/STM32_F103C6_EXTI_Driver.o
                0x0000000020000020                GP_IRQ_CallBack
 COMMON         0x000000002000005c        0x1 Src/main.o
                0x000000002000005c                IRQ_Flag
                0x0000000020000060                . = ALIGN (0x4)
 *fill*         0x000000002000005d        0x3 
                0x0000000020000060                _ebss = .
                0x0000000020000060                __bss_end__ = _ebss

._user_heap_stack
                0x0000000020000060      0x600 load address 0x0000000008001000
                0x0000000020000060                . = ALIGN (0x8)
                [!provide]                        PROVIDE (end = .)
                0x0000000020000060                PROVIDE (_end = .)
                0x0000000020000260                . = (. + _Min_Heap_Size)
 *fill*         0x0000000020000060      0x200 
                0x0000000020000660                . = (. + _Min_Stack_Size)
 *fill*         0x0000000020000260      0x400 
                0x0000000020000660                . = ALIGN (0x8)

/DISCARD/
 libc.a(*)
 libm.a(*)
 libgcc.a(*)

.ARM.attributes
                0x0000000000000000       0x29
 *(.ARM.attributes)
 .ARM.attributes
                0x0000000000000000       0x1d c:/st/stm32cubeide_1.4.0/stm32cubeide/plugins/com.st.stm32cube.ide.mcu.externaltools.gnu-tools-for-stm32.7-2018-q2-update.win32_1.4.0.202007081208/tools/bin/../lib/gcc/arm-none-eabi/7.3.1/thumb/v7-m/crti.o
 .ARM.attributes
                0x000000000000001d       0x2d c:/st/stm32cubeide_1.4.0/stm32cubeide/plugins/com.st.stm32cube.ide.mcu.externaltools.gnu-tools-for-stm32.7-2018-q2-update.win32_1.4.0.202007081208/tools/bin/../lib/gcc/arm-none-eabi/7.3.1/thumb/v7-m/crtbegin.o
 .ARM.attributes
                0x000000000000004a       0x33 HAL/Keypad.o
 .ARM.attributes
                0x000000000000007d       0x33 HAL/LCD.o
 .ARM.attributes
                0x00000000000000b0       0x33 STM32_F103C6_Drivers/GPIO/STM32_F103C6_GPIO_Driver.o
 .ARM.attributes
                0x00000000000000e3       0x33 STM32_F103C6_Drivers/STM32_F103C6_EXTI_Driver.o
 .ARM.attributes
                0x0000000000000116       0x33 Src/main.o
 .ARM.attributes
                0x0000000000000149       0x21 Startup/startup_stm32f103c6tx.o
 .ARM.attributes
                0x000000000000016a       0x2d c:/st/stm32cubeide_1.4.0/stm32cubeide/plugins/com.st.stm32cube.ide.mcu.externaltools.gnu-tools-for-stm32.7-2018-q2-update.win32_1.4.0.202007081208/tools/bin/../lib/gcc/arm-none-eabi/7.3.1/../../../../arm-none-eabi/lib/thumb/v7-m\libc_nano.a(lib_a-init.o)
 .ARM.attributes
                0x0000000000000197       0x1d c:/st/stm32cubeide_1.4.0/stm32cubeide/plugins/com.st.stm32cube.ide.mcu.externaltools.gnu-tools-for-stm32.7-2018-q2-update.win32_1.4.0.202007081208/tools/bin/../lib/gcc/arm-none-eabi/7.3.1/thumb/v7-m/crtn.o
OUTPUT(U7_Lec4_STM32_EXTI.elf elf32-littlearm)

.debug_info     0x0000000000000000     0x3e9f
 .debug_info    0x0000000000000000      0xb0a HAL/Keypad.o
 .debug_info    0x0000000000000b0a      0xc53 HAL/LCD.o
 .debug_info    0x000000000000175d      0xd5d STM32_F103C6_Drivers/GPIO/STM32_F103C6_GPIO_Driver.o
 .debug_info    0x00000000000024ba      0xdbb STM32_F103C6_Drivers/STM32_F103C6_EXTI_Driver.o
 .debug_info    0x0000000000003275      0xc08 Src/main.o
 .debug_info    0x0000000000003e7d       0x22 Startup/startup_stm32f103c6tx.o

.debug_abbrev   0x0000000000000000      0xa38
 .debug_abbrev  0x0000000000000000      0x1a6 HAL/Keypad.o
 .debug_abbrev  0x00000000000001a6      0x246 HAL/LCD.o
 .debug_abbrev  0x00000000000003ec      0x232 STM32_F103C6_Drivers/GPIO/STM32_F103C6_GPIO_Driver.o
 .debug_abbrev  0x000000000000061e      0x228 STM32_F103C6_Drivers/STM32_F103C6_EXTI_Driver.o
 .debug_abbrev  0x0000000000000846      0x1e0 Src/main.o
 .debug_abbrev  0x0000000000000a26       0x12 Startup/startup_stm32f103c6tx.o

.debug_loc      0x0000000000000000      0xab4
 .debug_loc     0x0000000000000000       0x7c HAL/Keypad.o
 .debug_loc     0x000000000000007c      0x328 HAL/LCD.o
 .debug_loc     0x00000000000003a4      0x330 STM32_F103C6_Drivers/GPIO/STM32_F103C6_GPIO_Driver.o
 .debug_loc     0x00000000000006d4      0x320 STM32_F103C6_Drivers/STM32_F103C6_EXTI_Driver.o
 .debug_loc     0x00000000000009f4       0xc0 Src/main.o

.debug_aranges  0x0000000000000000      0x1e8
 .debug_aranges
                0x0000000000000000       0x28 HAL/Keypad.o
 .debug_aranges
                0x0000000000000028       0x88 HAL/LCD.o
 .debug_aranges
                0x00000000000000b0       0x60 STM32_F103C6_Drivers/GPIO/STM32_F103C6_GPIO_Driver.o
 .debug_aranges
                0x0000000000000110       0x80 STM32_F103C6_Drivers/STM32_F103C6_EXTI_Driver.o
 .debug_aranges
                0x0000000000000190       0x30 Src/main.o
 .debug_aranges
                0x00000000000001c0       0x28 Startup/startup_stm32f103c6tx.o

.debug_ranges   0x0000000000000000      0x190
 .debug_ranges  0x0000000000000000       0x18 HAL/Keypad.o
 .debug_ranges  0x0000000000000018       0x78 HAL/LCD.o
 .debug_ranges  0x0000000000000090       0x50 STM32_F103C6_Drivers/GPIO/STM32_F103C6_GPIO_Driver.o
 .debug_ranges  0x00000000000000e0       0x70 STM32_F103C6_Drivers/STM32_F103C6_EXTI_Driver.o
 .debug_ranges  0x0000000000000150       0x20 Src/main.o
 .debug_ranges  0x0000000000000170       0x20 Startup/startup_stm32f103c6tx.o

.debug_macro    0x0000000000000000     0x2c74
 .debug_macro   0x0000000000000000      0x152 HAL/Keypad.o
 .debug_macro   0x0000000000000152      0xa60 HAL/Keypad.o
 .debug_macro   0x0000000000000bb2       0x18 HAL/Keypad.o
 .debug_macro   0x0000000000000bca       0x22 HAL/Keypad.o
 .debug_macro   0x0000000000000bec       0x40 HAL/Keypad.o
 .debug_macro   0x0000000000000c2c       0x94 HAL/Keypad.o
 .debug_macro   0x0000000000000cc0       0x3c HAL/Keypad.o
 .debug_macro   0x0000000000000cfc       0x34 HAL/Keypad.o
 .debug_macro   0x0000000000000d30       0x16 HAL/Keypad.o
 .debug_macro   0x0000000000000d46      0x10e HAL/Keypad.o
 .debug_macro   0x0000000000000e54       0x8d HAL/Keypad.o
 .debug_macro   0x0000000000000ee1       0x57 HAL/Keypad.o
 .debug_macro   0x0000000000000f38       0x52 HAL/Keypad.o
 .debug_macro   0x0000000000000f8a       0x1f HAL/Keypad.o
 .debug_macro   0x0000000000000fa9       0x43 HAL/Keypad.o
 .debug_macro   0x0000000000000fec       0x20 HAL/Keypad.o
 .debug_macro   0x000000000000100c      0x1a3 HAL/Keypad.o
 .debug_macro   0x00000000000011af      0x330 HAL/Keypad.o
 .debug_macro   0x00000000000014df       0x16 HAL/Keypad.o
 .debug_macro   0x00000000000014f5       0x29 HAL/Keypad.o
 .debug_macro   0x000000000000151e       0xef HAL/Keypad.o
 .debug_macro   0x000000000000160d       0x6a HAL/Keypad.o
 .debug_macro   0x0000000000001677      0x1df HAL/Keypad.o
 .debug_macro   0x0000000000001856      0x1b0 HAL/Keypad.o
 .debug_macro   0x0000000000001a06       0xd0 HAL/Keypad.o
 .debug_macro   0x0000000000001ad6       0x3a HAL/Keypad.o
 .debug_macro   0x0000000000001b10      0x152 HAL/LCD.o
 .debug_macro   0x0000000000001c62       0xa0 HAL/LCD.o
 .debug_macro   0x0000000000001d02      0x13f STM32_F103C6_Drivers/GPIO/STM32_F103C6_GPIO_Driver.o
 .debug_macro   0x0000000000001e41      0x14e STM32_F103C6_Drivers/STM32_F103C6_EXTI_Driver.o
 .debug_macro   0x0000000000001f8f       0xd6 STM32_F103C6_Drivers/STM32_F103C6_EXTI_Driver.o
 .debug_macro   0x0000000000002065      0x227 STM32_F103C6_Drivers/STM32_F103C6_EXTI_Driver.o
 .debug_macro   0x000000000000228c      0x22d Src/main.o
 .debug_macro   0x00000000000024b9       0x8e Src/main.o
 .debug_macro   0x0000000000002547       0x51 Src/main.o
 .debug_macro   0x0000000000002598       0x46 Src/main.o
 .debug_macro   0x00000000000025de       0x1c Src/main.o
 .debug_macro   0x00000000000025fa       0x35 Src/main.o
 .debug_macro   0x000000000000262f       0x10 Src/main.o
 .debug_macro   0x000000000000263f       0x10 Src/main.o
 .debug_macro   0x000000000000264f       0x1c Src/main.o
 .debug_macro   0x000000000000266b       0x52 Src/main.o
 .debug_macro   0x00000000000026bd       0x40 Src/main.o
 .debug_macro   0x00000000000026fd       0x10 Src/main.o
 .debug_macro   0x000000000000270d       0x40 Src/main.o
 .debug_macro   0x000000000000274d       0xd7 Src/main.o
 .debug_macro   0x0000000000002824       0x1c Src/main.o
 .debug_macro   0x0000000000002840       0x3d Src/main.o
 .debug_macro   0x000000000000287d       0x16 Src/main.o
 .debug_macro   0x0000000000002893      0x145 Src/main.o
 .debug_macro   0x00000000000029d8      0x1b6 Src/main.o
 .debug_macro   0x0000000000002b8e       0xa6 Src/main.o
 .debug_macro   0x0000000000002c34       0x40 Src/main.o

.debug_line     0x0000000000000000     0x2405
 .debug_line    0x0000000000000000      0x68b HAL/Keypad.o
 .debug_line    0x000000000000068b      0x79f HAL/LCD.o
 .debug_line    0x0000000000000e2a      0x6c1 STM32_F103C6_Drivers/GPIO/STM32_F103C6_GPIO_Driver.o
 .debug_line    0x00000000000014eb      0x775 STM32_F103C6_Drivers/STM32_F103C6_EXTI_Driver.o
 .debug_line    0x0000000000001c60      0x721 Src/main.o
 .debug_line    0x0000000000002381       0x84 Startup/startup_stm32f103c6tx.o

.debug_str      0x0000000000000000     0xa6fb
 .debug_str     0x0000000000000000     0x7a9d HAL/Keypad.o
                                       0x7cfe (size before relaxing)
 .debug_str     0x0000000000007a9d      0x3b7 HAL/LCD.o
                                       0x7ffe (size before relaxing)
 .debug_str     0x0000000000007e54      0x15f STM32_F103C6_Drivers/GPIO/STM32_F103C6_GPIO_Driver.o
                                       0x7d9a (size before relaxing)
 .debug_str     0x0000000000007fb3     0x151a STM32_F103C6_Drivers/STM32_F103C6_EXTI_Driver.o
                                       0x9154 (size before relaxing)
 .debug_str     0x00000000000094cd     0x11fd Src/main.o
                                       0xa467 (size before relaxing)
 .debug_str     0x000000000000a6ca       0x31 Startup/startup_stm32f103c6tx.o
                                         0x9f (size before relaxing)

.comment        0x0000000000000000       0x7b
 .comment       0x0000000000000000       0x7b HAL/Keypad.o
                                         0x7c (size before relaxing)
 .comment       0x000000000000007b       0x7c HAL/LCD.o
 .comment       0x000000000000007b       0x7c STM32_F103C6_Drivers/GPIO/STM32_F103C6_GPIO_Driver.o
 .comment       0x000000000000007b       0x7c STM32_F103C6_Drivers/STM32_F103C6_EXTI_Driver.o
 .comment       0x000000000000007b       0x7c Src/main.o

.debug_frame    0x0000000000000000      0x5dc
 .debug_frame   0x0000000000000000       0x50 HAL/Keypad.o
 .debug_frame   0x0000000000000050      0x1c4 HAL/LCD.o
 .debug_frame   0x0000000000000214      0x178 STM32_F103C6_Drivers/GPIO/STM32_F103C6_GPIO_Driver.o
 .debug_frame   0x000000000000038c      0x1b0 STM32_F103C6_Drivers/STM32_F103C6_EXTI_Driver.o
 .debug_frame   0x000000000000053c       0x74 Src/main.o
 .debug_frame   0x00000000000005b0       0x2c c:/st/stm32cubeide_1.4.0/stm32cubeide/plugins/com.st.stm32cube.ide.mcu.externaltools.gnu-tools-for-stm32.7-2018-q2-update.win32_1.4.0.202007081208/tools/bin/../lib/gcc/arm-none-eabi/7.3.1/../../../../arm-none-eabi/lib/thumb/v7-m\libc_nano.a(lib_a-init.o)
