STM32_F103C6_EXTI_Driver.c:35:6:Enable_NVIC	16	static
STM32_F103C6_EXTI_Driver.c:71:6:Disable_NVIC	16	static
STM32_F103C6_EXTI_Driver.c:107:6:Update_EXTI	24	static
STM32_F103C6_EXTI_Driver.c:176:6:MCAL_EXTI_GPIO_DeInit	4	static
STM32_F103C6_EXTI_Driver.c:207:6:MCAL_EXTI_GPIO_Init	16	static
STM32_F103C6_EXTI_Driver.c:220:6:MCAL_EXTI_GPIO_Update	16	static
STM32_F103C6_EXTI_Driver.c:230:6:EXTI0_IRQHandler	8	static
STM32_F103C6_EXTI_Driver.c:239:6:EXTI1_IRQHandler	8	static
STM32_F103C6_EXTI_Driver.c:245:6:EXTI2_IRQHandler	8	static
STM32_F103C6_EXTI_Driver.c:251:6:EXTI3_IRQHandler	8	static
STM32_F103C6_EXTI_Driver.c:257:6:EXTI4_IRQHandler	8	static
STM32_F103C6_EXTI_Driver.c:263:6:EXTI9_5_IRQHandler	8	static
STM32_F103C6_EXTI_Driver.c:272:6:EXTI15_10_IRQHandler	8	static
