LCD.c:13:6:LCD_Config_Data_4Bit_MODE_INPUT_FLO	8	static
LCD.c:32:6:LCD_Config_Data_8Bit_MODE_INPUT_FLO	8	static
LCD.c:66:6:LCD_Config_Data_4Bit_MODE_OUTPUT_PP	8	static
LCD.c:88:6:LCD_Config_Data_8Bit_MODE_OUTPUT_PP	8	static
LCD.c:130:6:wait_ms	24	static
LCD.c:136:6:LCD_KICK	8	static
LCD.c:143:6:LCD_GOTO_XY	16	static
LCD.c:161:6:LCD_BUSY	8	static
LCD.c:189:6:LCD_INIT	8	static
LCD.c:238:6:LCD_WRITE_COMMAND	16	static
LCD.c:267:6:LCD_WRITE_CHAR	16	static
LCD.c:298:6:LCD_WRITE_STRING	24	static
LCD.c:317:6:LCD_CLEAR	8	static
LCD.c:321:6:LCD_CUSTOM_CHAR	8	static
